Component: ARM Compiler 5.06 update 5 (build 528) Tool: armlink [4d35e2]

==============================================================================

Section Cross References

    system_stm32l1xx.o(i.SystemCoreClockUpdate) refers to system_stm32l1xx.o(.data) for .data
    system_stm32l1xx.o(i.SystemCoreClockUpdate) refers to system_stm32l1xx.o(.constdata) for .constdata
    gpio.o(i.BSP_LED_Off) refers to stm32l1xx_hal_gpio.o(i.HAL_GPIO_WritePin) for HAL_GPIO_WritePin
    gpio.o(i.BSP_LED_Off) refers to gpio.o(.constdata) for .constdata
    gpio.o(i.BSP_LED_Off) refers to gpio.o(.data) for .data
    gpio.o(i.BSP_LED_On) refers to stm32l1xx_hal_gpio.o(i.HAL_GPIO_WritePin) for HAL_GPIO_WritePin
    gpio.o(i.BSP_LED_On) refers to gpio.o(.constdata) for .constdata
    gpio.o(i.BSP_LED_On) refers to gpio.o(.data) for .data
    gpio.o(i.MX_GPIO_Init) refers to stm32l1xx_hal_gpio.o(i.HAL_GPIO_WritePin) for HAL_GPIO_WritePin
    gpio.o(i.MX_GPIO_Init) refers to stm32l1xx_hal_gpio.o(i.HAL_GPIO_Init) for HAL_GPIO_Init
    usart.o(i.HAL_UART_MspDeInit) refers to stm32l1xx_hal_gpio.o(i.HAL_GPIO_DeInit) for HAL_GPIO_DeInit
    usart.o(i.HAL_UART_MspDeInit) refers to stm32l1xx_hal_dma.o(i.HAL_DMA_DeInit) for HAL_DMA_DeInit
    usart.o(i.HAL_UART_MspDeInit) refers to stm32l1xx_hal_cortex.o(i.HAL_NVIC_DisableIRQ) for HAL_NVIC_DisableIRQ
    usart.o(i.HAL_UART_MspInit) refers to stm32l1xx_hal_gpio.o(i.HAL_GPIO_Init) for HAL_GPIO_Init
    usart.o(i.HAL_UART_MspInit) refers to stm32l1xx_hal_dma.o(i.HAL_DMA_Init) for HAL_DMA_Init
    usart.o(i.HAL_UART_MspInit) refers to main.o(i.Error_Handler) for Error_Handler
    usart.o(i.HAL_UART_MspInit) refers to stm32l1xx_hal_cortex.o(i.HAL_NVIC_SetPriority) for HAL_NVIC_SetPriority
    usart.o(i.HAL_UART_MspInit) refers to stm32l1xx_hal_cortex.o(i.HAL_NVIC_EnableIRQ) for HAL_NVIC_EnableIRQ
    usart.o(i.HAL_UART_MspInit) refers to usart.o(.bss) for .bss
    usart.o(i.MX_USART1_UART_Init) refers to stm32l1xx_hal_uart.o(i.HAL_UART_Init) for HAL_UART_Init
    usart.o(i.MX_USART1_UART_Init) refers to main.o(i.Error_Handler) for Error_Handler
    usart.o(i.MX_USART1_UART_Init) refers to usart.o(.bss) for .bss
    usart.o(i.MX_USART3_UART_Init) refers to stm32l1xx_hal_uart.o(i.HAL_UART_Init) for HAL_UART_Init
    usart.o(i.MX_USART3_UART_Init) refers to main.o(i.Error_Handler) for Error_Handler
    usart.o(i.MX_USART3_UART_Init) refers to usart.o(.bss) for .bss
    usart.o(i.UartReceive_DMA) refers to stm32l1xx_hal_uart.o(i.HAL_UART_Receive_DMA) for HAL_UART_Receive_DMA
    usart.o(i.UartReceive_DMA) refers to main.o(.bss) for UsartType
    usart.o(i.UartReceive_DMA) refers to usart.o(.bss) for .bss
    usart.o(i.UsartReceive_IDLE) refers to stm32l1xx_hal_uart.o(i.HAL_UART_DMAStop) for HAL_UART_DMAStop
    usart.o(i.UsartReceive_IDLE) refers to stm32l1xx_hal_uart.o(i.HAL_UART_Receive_DMA) for HAL_UART_Receive_DMA
    usart.o(i.UsartReceive_IDLE) refers to usart.o(.bss) for .bss
    usart.o(i.UsartReceive_IDLE) refers to main.o(.bss) for UsartType
    usart.o(i.fputc) refers to stm32l1xx_hal_uart.o(i.HAL_UART_Transmit) for HAL_UART_Transmit
    usart.o(i.fputc) refers to usart.o(.bss) for .bss
    stm32l1xx_hal_msp.o(i.HAL_MspInit) refers to stm32l1xx_hal_cortex.o(i.HAL_NVIC_SetPriorityGrouping) for HAL_NVIC_SetPriorityGrouping
    stm32l1xx_hal_msp.o(i.HAL_MspInit) refers to stm32l1xx_hal_cortex.o(i.HAL_NVIC_SetPriority) for HAL_NVIC_SetPriority
    rtc.o(i.MX_RTC_Init) refers to stm32l1xx_hal_rtc.o(i.HAL_RTC_Init) for HAL_RTC_Init
    rtc.o(i.MX_RTC_Init) refers to main.o(i.Error_Handler) for Error_Handler
    rtc.o(i.MX_RTC_Init) refers to stm32l1xx_hal_rtc.o(i.HAL_RTC_SetTime) for HAL_RTC_SetTime
    rtc.o(i.MX_RTC_Init) refers to stm32l1xx_hal_rtc.o(i.HAL_RTC_SetDate) for HAL_RTC_SetDate
    rtc.o(i.MX_RTC_Init) refers to stm32l1xx_hal_rtc_ex.o(i.HAL_RTCEx_SetWakeUpTimer) for HAL_RTCEx_SetWakeUpTimer
    rtc.o(i.MX_RTC_Init) refers to rtc.o(.bss) for .bss
    stm32l1xx_lp_modes.o(i.SleepMode_Measure) refers to stm32l1xx_hal.o(i.HAL_SuspendTick) for HAL_SuspendTick
    stm32l1xx_lp_modes.o(i.SleepMode_Measure) refers to stm32l1xx_hal_pwr.o(i.HAL_PWR_EnterSLEEPMode) for HAL_PWR_EnterSLEEPMode
    stm32l1xx_lp_modes.o(i.SleepMode_Measure) refers to stm32l1xx_hal.o(i.HAL_ResumeTick) for HAL_ResumeTick
    stm32l1xx_lp_modes.o(i.StandbyBKPSRAMMode_Measure) refers to stm32l1xx_hal_pwr.o(i.HAL_PWR_DisableWakeUpPin) for HAL_PWR_DisableWakeUpPin
    stm32l1xx_lp_modes.o(i.StandbyBKPSRAMMode_Measure) refers to stm32l1xx_hal_pwr.o(i.HAL_PWR_EnableWakeUpPin) for HAL_PWR_EnableWakeUpPin
    stm32l1xx_lp_modes.o(i.StandbyBKPSRAMMode_Measure) refers to stm32l1xx_hal_pwr.o(i.HAL_PWR_EnterSTANDBYMode) for HAL_PWR_EnterSTANDBYMode
    stm32l1xx_lp_modes.o(i.StandbyMode_Measure) refers to stm32l1xx_hal_pwr.o(i.HAL_PWR_DisableWakeUpPin) for HAL_PWR_DisableWakeUpPin
[...]
    .ARM.Collect$$$$00000000                 0x080000f4   Section        0  entry.o(.ARM.Collect$$$$00000000)
    .ARM.Collect$$$$00000001                 0x080000f4   Section        4  entry2.o(.ARM.Collect$$$$00000001)
    .ARM.Collect$$$$00000004                 0x080000f8   Section        4  entry5.o(.ARM.Collect$$$$00000004)
    .ARM.Collect$$$$00000008                 0x080000fc   Section        0  entry7b.o(.ARM.Collect$$$$00000008)
    .ARM.Collect$$$$0000000A                 0x080000fc   Section        0  entry8b.o(.ARM.Collect$$$$0000000A)
    .ARM.Collect$$$$0000000B                 0x080000fc   Section        8  entry9a.o(.ARM.Collect$$$$0000000B)
    .ARM.Collect$$$$0000000D                 0x08000104   Section        0  entry10a.o(.ARM.Collect$$$$0000000D)
    .ARM.Collect$$$$0000000F                 0x08000104   Section        0  entry11a.o(.ARM.Collect$$$$0000000F)
    .ARM.Collect$$$$00002712                 0x08000104   Section        4  entry2.o(.ARM.Collect$$$$00002712)
    __lit__00000000                          0x08000104   Data           4  entry2.o(.ARM.Collect$$$$00002712)
    .text                                    0x08000108   Section       36  startup_stm32l151xb.o(.text)
    .text                                    0x0800012c   Section        0  memcpya.o(.text)
    .text                                    0x08000150   Section        0  memseta.o(.text)
    .text                                    0x08000174   Section        0  fadd.o(.text)
    .text                                    0x08000224   Section        0  fmul.o(.text)
    .text                                    0x08000288   Section        0  fdiv.o(.text)
    .text                                    0x08000304   Section        0  dadd.o(.text)
    .text                                    0x08000452   Section        0  dmul.o(.text)
    .text                                    0x08000536   Section        0  ddiv.o(.text)
    .text                                    0x08000614   Section        0  fflti.o(.text)
    .text                                    0x08000626   Section        0  ffltui.o(.text)
    .text                                    0x08000630   Section        0  dflti.o(.text)
    .text                                    0x08000652   Section        0  dfltui.o(.text)
    .text                                    0x0800066c   Section        0  ffixi.o(.text)
    .text                                    0x0800069e   Section        0  ffixui.o(.text)
    .text                                    0x080006c6   Section        0  dfixui.o(.text)
    .text                                    0x080006f8   Section        0  uldiv.o(.text)
    .text                                    0x0800075a   Section        0  llshl.o(.text)
    .text                                    0x08000778   Section        0  llushr.o(.text)
    .text                                    0x08000798   Section        0  llsshr.o(.text)
    .text                                    0x080007bc   Section        0  iusefp.o(.text)
    .text                                    0x080007bc   Section        0  fepilogue.o(.text)
    .text                                    0x0800082a   Section        0  depilogue.o(.text)
    .text                                    0x080008e4   Section       36  init.o(.text)
    i.BSP_LED_Off                            0x08000908   Section        0  gpio.o(i.BSP_LED_Off)
    i.BSP_LED_On                             0x08000924   Section        0  gpio.o(i.BSP_LED_On)
    i.BusFault_Handler                       0x08000940   Section        0  stm32l1xx_it.o(i.BusFault_Handler)
    i.DMA1_Channel3_IRQHandler               0x08000944   Section        0  stm32l1xx_it.o(i.DMA1_Channel3_IRQHandler)
    i.DMA1_Channel5_IRQHandler               0x08000950   Section        0  stm32l1xx_it.o(i.DMA1_Channel5_IRQHandler)
    i.DMA_SetConfig                          0x0800095c   Section        0  stm32l1xx_hal_dma.o(i.DMA_SetConfig)
    DMA_SetConfig                            0x0800095d   Thumb Code    42  stm32l1xx_hal_dma.o(i.DMA_SetConfig)
    i.DebugMon_Handler                       0x08000986   Section        0  stm32l1xx_it.o(i.DebugMon_Handler)
    i.Error_Handler                          0x08000988   Section        0  main.o(i.Error_Handler)
    i.GetPreambSymbols                       0x0800098c   Section        0  sx1276-lora.o(i.GetPreambSymbols)
    i.HAL_DBGMCU_EnableDBGSleepMode          0x080009d0   Section        0  stm32l1xx_hal.o(i.HAL_DBGMCU_EnableDBGSleepMode)
    i.HAL_DBGMCU_EnableDBGStandbyMode        0x080009e0   Section        0  stm32l1xx_hal.o(i.HAL_DBGMCU_EnableDBGStandbyMode)
    i.HAL_DBGMCU_EnableDBGStopMode           0x080009f0   Section        0  stm32l1xx_hal.o(i.HAL_DBGMCU_EnableDBGStopMode)
    i.HAL_DMA_Abort                          0x08000a00   Section        0  stm32l1xx_hal_dma.o(i.HAL_DMA_Abort)
    i.HAL_DMA_IRQHandler                     0x08000a30   Section        0  stm32l1xx_hal_dma.o(i.HAL_DMA_IRQHandler)
    i.HAL_DMA_Init                           0x08000ad8   Section        0  stm32l1xx_hal_dma.o(i.HAL_DMA_Init)
    i.HAL_DMA_Start_IT                       0x08000b3c   Section        0  stm32l1xx_hal_dma.o(i.HAL_DMA_Start_IT)
    i.HAL_Delay                              0x08000bac   Section        0  stm32l1xx_hal.o(i.HAL_Delay)
    i.HAL_GPIO_Init                          0x08000bc4   Section        0  stm32l1xx_hal_gpio.o(i.HAL_GPIO_Init)
    i.HAL_GPIO_ReadPin                       0x08000d50   Section        0  stm32l1xx_hal_gpio.o(i.HAL_GPIO_ReadPin)
    i.HAL_GPIO_WritePin                      0x08000d5a   Section        0  stm32l1xx_hal_gpio.o(i.HAL_GPIO_WritePin)
    i.HAL_GetTick                            0x08000d64   Section        0  stm32l1xx_hal.o(i.HAL_GetTick)
    i.HAL_IncTick                            0x08000d70   Section        0  stm32l1xx_hal.o(i.HAL_IncTick)
    i.HAL_Init                               0x08000d80   Section        0  stm32l1xx_hal.o(i.HAL_Init)
    i.HAL_InitTick                           0x08000d98   Section        0  stm32l1xx_hal.o(i.HAL_InitTick)
    i.HAL_MspInit                            0x08000dc0   Section        0  stm32l1xx_hal_msp.o(i.HAL_MspInit)
    i.HAL_NVIC_EnableIRQ                     0x08000e50   Section        0  stm32l1xx_hal_cortex.o(i.HAL_NVIC_EnableIRQ)
    i.HAL_NVIC_SetPriority                   0x08000e68   Section        0  stm32l1xx_hal_cortex.o(i.HAL_NVIC_SetPriority)
    i.HAL_NVIC_SetPriorityGrouping           0x08000ea8   Section        0  stm32l1xx_hal_cortex.o(i.HAL_NVIC_SetPriorityGrouping)
    i.HAL_PWREx_GetVoltageRange              0x08000ecc   Section        0  stm32l1xx_hal_pwr_ex.o(i.HAL_PWREx_GetVoltageRange)
    i.HAL_PWR_EnterSTOPMode                  0x08000edc   Section        0  stm32l1xx_hal_pwr.o(i.HAL_PWR_EnterSTOPMode)
    i.HAL_RCCEx_PeriphCLKConfig              0x08000f14   Section        0  stm32l1xx_hal_rcc_ex.o(i.HAL_RCCEx_PeriphCLKConfig)
    i.HAL_RCC_ClockConfig                    0x0800107c   Section        0  stm32l1xx_hal_rcc.o(i.HAL_RCC_ClockConfig)
    i.HAL_RCC_GetClockConfig                 0x08001250   Section        0  stm32l1xx_hal_rcc.o(i.HAL_RCC_GetClockConfig)
    i.HAL_RCC_GetHCLKFreq                    0x08001290   Section        0  stm32l1xx_hal_rcc.o(i.HAL_RCC_GetHCLKFreq)
    i.HAL_RCC_GetOscConfig                   0x0800129c   Section        0  stm32l1xx_hal_rcc.o(i.HAL_RCC_GetOscConfig)
    i.HAL_RCC_GetPCLK1Freq                   0x0800136c   Section        0  stm32l1xx_hal_rcc.o(i.HAL_RCC_GetPCLK1Freq)
    i.HAL_RCC_GetPCLK2Freq                   0x0800139c   Section        0  stm32l1xx_hal_rcc.o(i.HAL_RCC_GetPCLK2Freq)
    i.HAL_RCC_GetSysClockFreq                0x080013cc   Section        0  stm32l1xx_hal_rcc.o(i.HAL_RCC_GetSysClockFreq)
    i.HAL_RCC_OscConfig                      0x08001458   Section        0  stm32l1xx_hal_rcc.o(i.HAL_RCC_OscConfig)
    i.HAL_RTCEx_SetWakeUpTimer               0x08001ba8   Section        0  stm32l1xx_hal_rtc_ex.o(i.HAL_RTCEx_SetWakeUpTimer)
    i.HAL_RTCEx_SetWakeUpTimer_IT            0x08001c6c   Section        0  stm32l1xx_hal_rtc_ex.o(i.HAL_RTCEx_SetWakeUpTimer_IT)
    i.HAL_RTCEx_WakeUpTimerEventCallback     0x08001d64   Section        0  stm32l1xx_hal_rtc_ex.o(i.HAL_RTCEx_WakeUpTimerEventCallback)
    i.HAL_RTCEx_WakeUpTimerIRQHandler        0x08001d68   Section        0  stm32l1xx_hal_rtc_ex.o(i.HAL_RTCEx_WakeUpTimerIRQHandler)
    i.HAL_RTC_Init                           0x08001d9c   Section        0  stm32l1xx_hal_rtc.o(i.HAL_RTC_Init)
    i.HAL_RTC_MspInit                        0x08001e38   Section        0  rtc.o(i.HAL_RTC_MspInit)
    i.HAL_RTC_SetDate                        0x08001e60   Section        0  stm32l1xx_hal_rtc.o(i.HAL_RTC_SetDate)
    i.HAL_RTC_SetTime                        0x08001f28   Section        0  stm32l1xx_hal_rtc.o(i.HAL_RTC_SetTime)
    i.HAL_RTC_WaitForSynchro                 0x08002010   Section        0  stm32l1xx_hal_rtc_ex.o(i.HAL_RTC_WaitForSynchro)
    i.HAL_SPI_Init                           0x08002046   Section        0  stm32l1xx_hal_spi_ex.o(i.HAL_SPI_Init)
    i.HAL_SPI_MspInit                        0x080020c0   Section        0  spi.o(i.HAL_SPI_MspInit)
    i.HAL_SYSTICK_CLKSourceConfig            0x0800210c   Section        0  stm32l1xx_hal_cortex.o(i.HAL_SYSTICK_CLKSourceConfig)
    i.HAL_SYSTICK_Callback                   0x08002124   Section        0  main.o(i.HAL_SYSTICK_Callback)
    i.HAL_SYSTICK_Config                     0x08002134   Section        0  stm32l1xx_hal_cortex.o(i.HAL_SYSTICK_Config)
    i.HAL_SYSTICK_IRQHandler                 0x0800215c   Section        0  stm32l1xx_hal_cortex.o(i.HAL_SYSTICK_IRQHandler)
    i.HAL_UART_DMAStop                       0x08002164   Section        0  stm32l1xx_hal_uart.o(i.HAL_UART_DMAStop)
    i.HAL_UART_ErrorCallback                 0x0800218c   Section        0  stm32l1xx_hal_uart.o(i.HAL_UART_ErrorCallback)
    i.HAL_UART_IRQHandler                    0x08002190   Section        0  stm32l1xx_hal_uart.o(i.HAL_UART_IRQHandler)
    i.HAL_UART_Init                          0x0800226a   Section        0  stm32l1xx_hal_uart.o(i.HAL_UART_Init)
    i.HAL_UART_MspInit                       0x080022c8   Section        0  usart.o(i.HAL_UART_MspInit)
    i.HAL_UART_Receive_DMA                   0x080023c4   Section        0  stm32l1xx_hal_uart.o(i.HAL_UART_Receive_DMA)
    i.HAL_UART_RxCpltCallback                0x0800244c   Section        0  usart.o(i.HAL_UART_RxCpltCallback)
    i.HAL_UART_RxHalfCpltCallback            0x0800244e   Section        0  stm32l1xx_hal_uart.o(i.HAL_UART_RxHalfCpltCallback)
    i.HAL_UART_Transmit                      0x08002450   Section        0  stm32l1xx_hal_uart.o(i.HAL_UART_Transmit)
    i.HAL_UART_TxCpltCallback                0x0800251c   Section        0  stm32l1xx_hal_uart.o(i.HAL_UART_TxCpltCallback)
    i.HardFault_Handler                      0x0800251e   Section        0  stm32l1xx_it.o(i.HardFault_Handler)
    i.LoRaDeviceInit                         0x08002520   Section        0  main.o(i.LoRaDeviceInit)
    LoRaDeviceInit                           0x08002521   Thumb Code   106  main.o(i.LoRaDeviceInit)
    i.LoRaNodeCollectData                    0x0800259c   Section        0  main.o(i.LoRaNodeCollectData)
    i.LoRaNodeHeartBreath                    0x080025c8   Section        0  main.o(i.LoRaNodeHeartBreath)
    i.LoRaPayLoadInit                        0x08002684   Section        0  main.o(i.LoRaPayLoadInit)
    i.LoRaSystemInit                         0x080026f4   Section        0  main.o(i.LoRaSystemInit)
    i.MX_DMA_Init                            0x0800270c   Section        0  dma.o(i.MX_DMA_Init)
    i.MX_GPIO_Init                           0x08002748   Section        0  gpio.o(i.MX_GPIO_Init)
    i.MX_RTC_Init                            0x08002860   Section        0  rtc.o(i.MX_RTC_Init)
    i.MX_SPI2_Init                           0x080028ec   Section        0  spi.o(i.MX_SPI2_Init)
    i.MX_USART1_UART_Init                    0x08002930   Section        0  usart.o(i.MX_USART1_UART_Init)
    i.MX_USART3_UART_Init                    0x08002970   Section        0  usart.o(i.MX_USART3_UART_Init)
    i.MemManage_Handler                      0x080029a8   Section        0  stm32l1xx_it.o(i.MemManage_Handler)
    i.NMI_Handler                            0x080029aa   Section        0  stm32l1xx_it.o(i.NMI_Handler)
    i.NVIC_SetPriority                       0x080029ac   Section        0  stm32l1xx_hal_cortex.o(i.NVIC_SetPriority)
    NVIC_SetPriority                         0x080029ad   Thumb Code    32  stm32l1xx_hal_cortex.o(i.NVIC_SetPriority)
    i.PendSV_Handler                         0x080029cc   Section        0  stm32l1xx_it.o(i.PendSV_Handler)
    i.RCC_SetFlashLatencyFromMSIRange        0x080029d0   Section        0  stm32l1xx_hal_rcc.o(i.RCC_SetFlashLatencyFromMSIRange)
    RCC_SetFlashLatencyFromMSIRange          0x080029d1   Thumb Code   112  stm32l1xx_hal_rcc.o(i.RCC_SetFlashLatencyFromMSIRange)
    i.RTC_Bcd2ToByte                         0x08002a48   Section        0  stm32l1xx_hal_rtc.o(i.RTC_Bcd2ToByte)
    i.RTC_ByteToBcd2                         0x08002a5a   Section        0  stm32l1xx_hal_rtc.o(i.RTC_ByteToBcd2)
    i.RTC_EnterInitMode                      0x08002a70   Section        0  stm32l1xx_hal_rtc.o(i.RTC_EnterInitMode)
    i.SPI_Enable                             0x08002aaa   Section        0  spi.o(i.SPI_Enable)
    i.SPI_GetFlagStatus                      0x08002ab6   Section        0  spi.o(i.SPI_GetFlagStatus)
    i.SVC_Handler                            0x08002ac4   Section        0  stm32l1xx_it.o(i.SVC_Handler)
    i.SX1276Init                             0x08002ac8   Section        0  sx1276.o(i.SX1276Init)
    i.SX1276InitIo                           0x08002b04   Section        0  sx1276-hal.o(i.SX1276InitIo)
    i.SX1276LoRaGetRxPacket                  0x08002bc0   Section        0  sx1276-lora.o(i.SX1276LoRaGetRxPacket)
    i.SX1276LoRaInit                         0x08002bd8   Section        0  sx1276-lora.o(i.SX1276LoRaInit)
    i.SX1276LoRaProcess                      0x08002d44   Section        0  sx1276-lora.o(i.SX1276LoRaProcess)
    i.SX1276LoRaReadRxGain                   0x080031f4   Section        0  sx1276-lora.o(i.SX1276LoRaReadRxGain)
    i.SX1276LoRaSetDefaults                  0x08003210   Section        0  sx1276-lora.o(i.SX1276LoRaSetDefaults)
    i.SX1276LoRaSetErrorCoding               0x08003220   Section        0  sx1276-loramisc.o(i.SX1276LoRaSetErrorCoding)
    i.SX1276LoRaSetImplicitHeaderOn          0x08003254   Section        0  sx1276-loramisc.o(i.SX1276LoRaSetImplicitHeaderOn)
    i.SX1276LoRaSetLowDatarateOptimize       0x08003284   Section        0  sx1276-loramisc.o(i.SX1276LoRaSetLowDatarateOptimize)
    i.SX1276LoRaSetNbTrigPeaks               0x080032b4   Section        0  sx1276-loramisc.o(i.SX1276LoRaSetNbTrigPeaks)
    i.SX1276LoRaSetOpMode                    0x080032e0   Section        0  sx1276-lora.o(i.SX1276LoRaSetOpMode)
    i.SX1276LoRaSetPAOutput                  0x08003324   Section        0  sx1276-loramisc.o(i.SX1276LoRaSetPAOutput)
    i.SX1276LoRaSetPa20dBm                   0x08003350   Section        0  sx1276-loramisc.o(i.SX1276LoRaSetPa20dBm)
    i.SX1276LoRaSetPacketCrcOn               0x08003394   Section        0  sx1276-loramisc.o(i.SX1276LoRaSetPacketCrcOn)
    i.SX1276LoRaSetPayloadLength             0x080033c8   Section        0  sx1276-loramisc.o(i.SX1276LoRaSetPayloadLength)
    i.SX1276LoRaSetPreambleLength            0x080033ec   Section        0  sx1276-loramisc.o(i.SX1276LoRaSetPreambleLength)
    i.SX1276LoRaSetRFFrequency               0x08003418   Section        0  sx1276-loramisc.o(i.SX1276LoRaSetRFFrequency)
    i.SX1276LoRaSetRFPower                   0x08003490   Section        0  sx1276-loramisc.o(i.SX1276LoRaSetRFPower)
    i.SX1276LoRaSetRFState                   0x0800352c   Section        0  sx1276-lora.o(i.SX1276LoRaSetRFState)
    i.SX1276LoRaSetSignalBandwidth           0x08003538   Section        0  sx1276-loramisc.o(i.SX1276LoRaSetSignalBandwidth)
    i.SX1276LoRaSetSpreadingFactor           0x08003568   Section        0  sx1276-loramisc.o(i.SX1276LoRaSetSpreadingFactor)
    i.SX1276LoRaSetSymbTimeout               0x080035bc   Section        0  sx1276-loramisc.o(i.SX1276LoRaSetSymbTimeout)
    i.SX1276LoRaSetTxPacket                  0x080035f4   Section        0  sx1276-lora.o(i.SX1276LoRaSetTxPacket)
    i.SX1276Read                             0x08003614   Section        0  sx1276-hal.o(i.SX1276Read)
    i.SX1276ReadBuffer                       0x0800361c   Section        0  sx1276-hal.o(i.SX1276ReadBuffer)
    i.SX1276ReadDio0                         0x08003668   Section        0  sx1276-hal.o(i.SX1276ReadDio0)
    i.SX1276ReadDio2                         0x08003674   Section        0  sx1276-hal.o(i.SX1276ReadDio2)
    i.SX1276ReadFifo                         0x08003680   Section        0  sx1276-hal.o(i.SX1276ReadFifo)
    i.SX1276Reset                            0x0800368c   Section        0  sx1276.o(i.SX1276Reset)
    i.SX1276SetLoRaOn                        0x080036c0   Section        0  sx1276.o(i.SX1276SetLoRaOn)
    i.SX1276SetReset                         0x08003750   Section        0  sx1276-hal.o(i.SX1276SetReset)
    i.SX1276Write                            0x0800376c   Section        0  sx1276-hal.o(i.SX1276Write)
    i.SX1276WriteBuffer                      0x08003778   Section        0  sx1276-hal.o(i.SX1276WriteBuffer)
    i.SX1276WriteFifo                        0x080037c0   Section        0  sx1276-hal.o(i.SX1276WriteFifo)
    i.SX1276WriteRxTx                        0x080037ca   Section        0  sx1276-hal.o(i.SX1276WriteRxTx)
    i.SetLoRaCommPram                        0x080037cc   Section        0  main.o(i.SetLoRaCommPram)
    i.SetLoRaRx                              0x0800387c   Section        0  main.o(i.SetLoRaRx)
    i.SetLoRaSleep                           0x08003898   Section        0  main.o(i.SetLoRaSleep)
    i.SetLoRaTx                              0x080038b8   Section        0  main.o(i.SetLoRaTx)
    i.SpiInOut                               0x080038f4   Section        0  spi.o(i.SpiInOut)
    i.StopMode_Measure                       0x08003914   Section        0  stm32l1xx_lp_modes.o(i.StopMode_Measure)
    i.SysTick_Handler                        0x0800397c   Section        0  stm32l1xx_it.o(i.SysTick_Handler)
    i.SystemClock_Config                     0x0800398c   Section        0  main.o(i.SystemClock_Config)
    i.SystemInit                             0x08003a1c   Section        0  system_stm32l1xx.o(i.SystemInit)
    i.SystemSleep                            0x08003a6c   Section        0  main.o(i.SystemSleep)
    SystemSleep                              0x08003a6d   Thumb Code    54  main.o(i.SystemSleep)
    i.UART_DMAError                          0x08003aa2   Section        0  stm32l1xx_hal_uart.o(i.UART_DMAError)
    UART_DMAError                            0x08003aa3   Thumb Code    30  stm32l1xx_hal_uart.o(i.UART_DMAError)
    i.UART_DMAReceiveCplt                    0x08003ac0   Section        0  stm32l1xx_hal_uart.o(i.UART_DMAReceiveCplt)
    UART_DMAReceiveCplt                      0x08003ac1   Thumb Code    54  stm32l1xx_hal_uart.o(i.UART_DMAReceiveCplt)
    i.UART_DMARxHalfCplt                     0x08003af6   Section        0  stm32l1xx_hal_uart.o(i.UART_DMARxHalfCplt)
    UART_DMARxHalfCplt                       0x08003af7   Thumb Code    10  stm32l1xx_hal_uart.o(i.UART_DMARxHalfCplt)
    i.UART_Receive_IT                        0x08003b00   Section        0  stm32l1xx_hal_uart.o(i.UART_Receive_IT)
    UART_Receive_IT                          0x08003b01   Thumb Code   168  stm32l1xx_hal_uart.o(i.UART_Receive_IT)
    i.UART_SetConfig                         0x08003ba8   Section        0  stm32l1xx_hal_uart.o(i.UART_SetConfig)
    UART_SetConfig                           0x08003ba9   Thumb Code   666  stm32l1xx_hal_uart.o(i.UART_SetConfig)
    i.UART_Transmit_IT                       0x08003e48   Section        0  stm32l1xx_hal_uart.o(i.UART_Transmit_IT)
    UART_Transmit_IT                         0x08003e49   Thumb Code   102  stm32l1xx_hal_uart.o(i.UART_Transmit_IT)
    i.UART_WaitOnFlagUntilTimeout            0x08003eae   Section        0  stm32l1xx_hal_uart.o(i.UART_WaitOnFlagUntilTimeout)
    UART_WaitOnFlagUntilTimeout              0x08003eaf   Thumb Code   146  stm32l1xx_hal_uart.o(i.UART_WaitOnFlagUntilTimeout)
    i.USART1_IRQHandler                      0x08003f40   Section        0  stm32l1xx_it.o(i.USART1_IRQHandler)
    i.USART3_IRQHandler                      0x08003f58   Section        0  stm32l1xx_it.o(i.USART3_IRQHandler)
    i.UartPayLoadInit                        0x08003f64   Section        0  main.o(i.UartPayLoadInit)
    i.UartReceive_DMA                        0x08003f74   Section        0  usart.o(i.UartReceive_DMA)
    i.UsageFault_Handler                     0x08003f98   Section        0  stm32l1xx_it.o(i.UsageFault_Handler)
    i.UsartReceive_IDLE                      0x08003f9c   Section        0  usart.o(i.UsartReceive_IDLE)
    i.__0printf$8                            0x08003fe4   Section        0  printf8.o(i.__0printf$8)
    i.__scatterload_copy                     0x08004004   Section       14  handlers.o(i.__scatterload_copy)
    i.__scatterload_null                     0x08004012   Section        2  handlers.o(i.__scatterload_null)
    i.__scatterload_zeroinit                 0x08004014   Section       14  handlers.o(i.__scatterload_zeroinit)
    i._printf_core                           0x08004024   Section        0  printf8.o(i._printf_core)
    _printf_core                             0x08004025   Thumb Code   996  printf8.o(i._printf_core)
    i._printf_post_padding                   0x08004434   Section        0  printf8.o(i._printf_post_padding)
    _printf_post_padding                     0x08004435   Thumb Code    36  printf8.o(i._printf_post_padding)
    i._printf_pre_padding                    0x08004458   Section        0  printf8.o(i._printf_pre_padding)
    _printf_pre_padding                      0x08004459   Thumb Code    46  printf8.o(i._printf_pre_padding)
    i.cj188_collect_meter                    0x08004488   Section        0  cj188.o(i.cj188_collect_meter)
    i.dlt645_collect_meter                   0x080044d8   Section        0  dlt645.o(i.dlt645_collect_meter)
    i.fputc                                  0x0800453c   Section        0  usart.o(i.fputc)
    i.gateway_process                        0x08004554   Section        0  main.o(i.gateway_process)
    i.lora_process                           0x080045b4   Section        0  main.o(i.lora_process)
    i.lora_protocol_process                  0x080045f0   Section        0  main.o(i.lora_protocol_process)
    i.main                                   0x08004928   Section        0  main.o(i.main)
    i.system_Status_process                  0x08004988   Section        0  main.o(i.system_Status_process)
    i.uart_Process                           0x08004a40   Section        0  main.o(i.uart_Process)
    .constdata                               0x08004b58   Section       25  system_stm32l1xx.o(.constdata)
    .constdata                               0x08004b71   Section        8  system_stm32l1xx.o(.constdata)
    .constdata                               0x08004b7a   Section        4  gpio.o(.constdata)
    .constdata                               0x08004b7e   Section        2  main.o(.constdata)
    .constdata                               0x08004b80   Section        2  main.o(.constdata)
    .constdata                               0x08004b84   Section      248  sx1276-lora.o(.constdata)
    .constdata                               0x08004c7c   Section       68  dlt645.o(.constdata)
    .data                                    0x20000000   Section        4  system_stm32l1xx.o(.data)
    .data                                    0x20000004   Section        8  gpio.o(.data)
    .data                                    0x2000000c   Section       24  main.o(.data)
    delay                                    0x20000018   Data           4  main.o(.data)
    .data                                    0x20000024   Section        4  stm32l1xx_hal.o(.data)
    .data                                    0x20000028   Section        2  sx1276.o(.data)
    LoRaOn                                   0x20000028   Data           1  sx1276.o(.data)
    LoRaOnState                              0x20000029   Data           1  sx1276.o(.data)
    .data                                    0x20000030   Section       76  sx1276-lora.o(.data)
    RFLRState                                0x20000032   Data           1  sx1276-lora.o(.data)
    RxGain                                   0x20000033   Data           1  sx1276-lora.o(.data)
    opModePrev                               0x20000034   Data           1  sx1276-lora.o(.data)
    antennaSwitchTxOnPrev                    0x20000035   Data           1  sx1276-lora.o(.data)
    RxPacketSnrEstimate                      0x20000036   Data           1  sx1276-lora.o(.data)
    RxPacketSize                             0x20000038   Data           2  sx1276-lora.o(.data)
    TxPacketSize                             0x2000003a   Data           2  sx1276-lora.o(.data)
    RxTimeoutTimer                           0x20000048   Data           4  sx1276-lora.o(.data)
    PacketTimeout                            0x20000054   Data           4  sx1276-lora.o(.data)
    RxPacketRssiValue                        0x20000058   Data           8  sx1276-lora.o(.data)
    .data                                    0x2000007c   Section        1  cj188.o(.data)
    SER                                      0x2000007c   Data           1  cj188.o(.data)
    .data                                    0x20000080   Section        4  stdout.o(.data)
    .bss                                     0x20000084   Section      264  usart.o(.bss)
    .bss                                     0x2000018c   Section       32  rtc.o(.bss)
    .bss                                     0x200001ac   Section     2334  main.o(.bss)
    .bss                                     0x20000acc   Section       88  spi.o(.bss)
    .bss                                     0x20000b24   Section      112  sx1276.o(.bss)
    .bss                                     0x20000b94   Section      256  sx1276-lora.o(.bss)
    RFBuffer                                 0x20000b94   Data         256  sx1276-lora.o(.bss)
    STACK                                    0x20000c98   Section     1024  startup_stm32l151xb.o(STACK)

    Global Symbols

    Symbol Name                              Value     Ov Type        Size  Object(Section)

    BuildAttributes$$THM_ISAv4$P$D$K$B$S$PE$A:L22UL41UL21$X:L11$S22US41US21$IEEE1$IW$USESV6$~STKCKD$USESV7$~SHL$OTIME$ROPI$EBA8$MICROLIB$REQ8$PRES8$EABIv2 0x00000000   Number         0  anon$$obj.o ABSOLUTE
    __ARM_use_no_argv                        0x00000000   Number         0  main.o ABSOLUTE
    _printf_a                                0x00000000   Number         0  stubs.o ABSOLUTE
    _printf_c                                0x00000000   Number         0  stubs.o ABSOLUTE
    _printf_charcount                        0x00000000   Number         0  stubs.o ABSOLUTE
    _printf_d                                0x00000000   Number         0  stubs.o ABSOLUTE
    _printf_e                                0x00000000   Number         0  stubs.o ABSOLUTE
    _printf_f                                0x00000000   Number         0  stubs.o ABSOLUTE
    _printf_flags                            0x00000000   Number         0  stubs.o ABSOLUTE
    _printf_fp_dec                           0x00000000   Number         0  stubs.o ABSOLUTE
    _printf_fp_hex                           0x00000000   Number         0  stubs.o ABSOLUTE
    _printf_g                                0x00000000   Number         0  stubs.o ABSOLUTE
    _printf_i                                0x00000000   Number         0  stubs.o ABSOLUTE
    _printf_int_dec                          0x00000000   Number         0  stubs.o ABSOLUTE
    _printf_l                                0x00000000   Number         0  stubs.o ABSOLUTE
    _printf_lc                               0x00000000   Number         0  stubs.o ABSOLUTE
    _printf_ll                               0x00000000   Number         0  stubs.o ABSOLUTE
    _printf_lld                              0x00000000   Number         0  stubs.o ABSOLUTE
    _printf_lli                              0x00000000   Number         0  stubs.o ABSOLUTE
    _printf_llo                              0x00000000   Number         0  stubs.o ABSOLUTE
    _printf_llu                              0x00000000   Number         0  stubs.o ABSOLUTE
    _printf_llx                              0x00000000   Number         0  stubs.o ABSOLUTE
    _printf_longlong_dec                     0x00000000   Number         0  stubs.o ABSOLUTE
    _printf_longlong_hex                     0x00000000   Number         0  stubs.o ABSOLUTE
    _printf_longlong_oct                     0x00000000   Number         0  stubs.o ABSOLUTE
    _printf_ls                               0x00000000   Number         0  stubs.o ABSOLUTE
    _printf_mbtowc                           0x00000000   Number         0  stubs.o ABSOLUTE
    _printf_n                                0x00000000   Number         0  stubs.o ABSOLUTE
    _printf_o                                0x00000000   Number         0  stubs.o ABSOLUTE
    _printf_p                                0x00000000   Number         0  stubs.o ABSOLUTE
    _printf_percent                          0x00000000   Number         0  stubs.o ABSOLUTE
    _printf_pre_padding                      0x00000000   Number         0  stubs.o ABSOLUTE
    _printf_return_value                     0x00000000   Number         0  stubs.o ABSOLUTE
    _printf_s                                0x00000000   Number         0  stubs.o ABSOLUTE
    _printf_sizespec                         0x00000000   Number         0  stubs.o ABSOLUTE
    _printf_str                              0x00000000   Number         0  stubs.o ABSOLUTE
    _printf_truncate_signed                  0x00000000   Number         0  stubs.o ABSOLUTE
    _printf_truncate_unsigned                0x00000000   Number         0  stubs.o ABSOLUTE
    _printf_u                                0x00000000   Number         0  stubs.o ABSOLUTE
    _printf_wc                               0x00000000   Number         0  stubs.o ABSOLUTE
    _printf_wctomb                           0x00000000   Number         0  stubs.o ABSOLUTE
    _printf_widthprec                        0x00000000   Number         0  stubs.o ABSOLUTE
    _printf_x                                0x00000000   Number         0  stubs.o ABSOLUTE
    __cpp_initialize__aeabi_                  - Undefined Weak Reference
    __cxa_finalize                            - Undefined Weak Reference
    __decompress                              - Undefined Weak Reference
    _clock_init                               - Undefined Weak Reference
    _microlib_exit                            - Undefined Weak Reference
    __Vectors_Size                           0x000000f4   Number         0  startup_stm32l151xb.o ABSOLUTE
    __Vectors                                0x08000000   Data           4  startup_stm32l151xb.o(RESET)
    __Vectors_End                            0x080000f4   Data           0  startup_stm32l151xb.o(RESET)
    __main                                   0x080000f5   Thumb Code     0  entry.o(.ARM.Collect$$$$00000000)
    _main_stk                                0x080000f5   Thumb Code     0  entry2.o(.ARM.Collect$$$$00000001)
    _main_scatterload                        0x080000f9   Thumb Code     0  entry5.o(.ARM.Collect$$$$00000004)
    __main_after_scatterload                 0x080000fd   Thumb Code     0  entry5.o(.ARM.Collect$$$$00000004)
    _main_clock                              0x080000fd   Thumb Code     0  entry7b.o(.ARM.Collect$$$$00000008)
    _main_cpp_init                           0x080000fd   Thumb Code     0  entry8b.o(.ARM.Collect$$$$0000000A)
    _main_init                               0x080000fd   Thumb Code     0  entry9a.o(.ARM.Collect$$$$0000000B)
    __rt_final_cpp                           0x08000105   Thumb Code     0  entry10a.o(.ARM.Collect$$$$0000000D)
    __rt_final_exit                          0x08000105   Thumb Code     0  entry11a.o(.ARM.Collect$$$$0000000F)
    Reset_Handler                            0x08000109   Thumb Code     8  startup_stm32l151xb.o(.text)
    ADC1_IRQHandler                          0x08000123   Thumb Code     0  startup_stm32l151xb.o(.text)
    COMP_IRQHandler                          0x08000123   Thumb Code     0  startup_stm32l151xb.o(.text)
    DAC_IRQHandler                           0x08000123   Thumb Code     0  startup_stm32l151xb.o(.text)
    DMA1_Channel1_IRQHandler                 0x08000123   Thumb Code     0  startup_stm32l151xb.o(.text)
    DMA1_Channel2_IRQHandler                 0x08000123   Thumb Code     0  startup_stm32l151xb.o(.text)
    DMA1_Channel4_IRQHandler                 0x08000123   Thumb Code     0  startup_stm32l151xb.o(.text)
    DMA1_Channel6_IRQHandler                 0x08000123   Thumb Code     0  startup_stm32l151xb.o(.text)
    DMA1_Channel7_IRQHandler                 0x08000123   Thumb Code     0  startup_stm32l151xb.o(.text)
    EXTI0_IRQHandler                         0x08000123   Thumb Code     0  startup_stm32l151xb.o(.text)
    EXTI15_10_IRQHandler                     0x08000123   Thumb Code     0  startup_stm32l151xb.o(.text)
    EXTI1_IRQHandler                         0x08000123   Thumb Code     0  startup_stm32l151xb.o(.text)
    EXTI2_IRQHandler                         0x08000123   Thumb Code     0  startup_stm32l151xb.o(.text)
    EXTI3_IRQHandler                         0x08000123   Thumb Code     0  startup_stm32l151xb.o(.text)
    EXTI4_IRQHandler                         0x08000123   Thumb Code     0  startup_stm32l151xb.o(.text)
    EXTI9_5_IRQHandler                       0x08000123   Thumb Code     0  startup_stm32l151xb.o(.text)
    FLASH_IRQHandler                         0x08000123   Thumb Code     0  startup_stm32l151xb.o(.text)
    I2C1_ER_IRQHandler                       0x08000123   Thumb Code     0  startup_stm32l151xb.o(.text)
    I2C1_EV_IRQHandler                       0x08000123   Thumb Code     0  startup_stm32l151xb.o(.text)
    I2C2_ER_IRQHandler                       0x08000123   Thumb Code     0  startup_stm32l151xb.o(.text)
    I2C2_EV_IRQHandler                       0x08000123   Thumb Code     0  startup_stm32l151xb.o(.text)
    PVD_IRQHandler                           0x08000123   Thumb Code     0  startup_stm32l151xb.o(.text)
    RCC_IRQHandler                           0x08000123   Thumb Code     0  startup_stm32l151xb.o(.text)
    RTC_Alarm_IRQHandler                     0x08000123   Thumb Code     0  startup_stm32l151xb.o(.text)
    RTC_WKUP_IRQHandler                      0x08000123   Thumb Code     0  startup_stm32l151xb.o(.text)
    SPI1_IRQHandler                          0x08000123   Thumb Code     0  startup_stm32l151xb.o(.text)
    SPI2_IRQHandler                          0x08000123   Thumb Code     0  startup_stm32l151xb.o(.text)
    TAMPER_STAMP_IRQHandler                  0x08000123   Thumb Code     0  startup_stm32l151xb.o(.text)
    TIM10_IRQHandler                         0x08000123   Thumb Code     0  startup_stm32l151xb.o(.text)
    TIM11_IRQHandler                         0x08000123   Thumb Code     0  startup_stm32l151xb.o(.text)
    TIM2_IRQHandler                          0x08000123   Thumb Code     0  startup_stm32l151xb.o(.text)
    TIM3_IRQHandler                          0x08000123   Thumb Code     0  startup_stm32l151xb.o(.text)
    TIM4_IRQHandler                          0x08000123   Thumb Code     0  startup_stm32l151xb.o(.text)
    TIM6_IRQHandler                          0x08000123   Thumb Code     0  startup_stm32l151xb.o(.text)
    TIM7_IRQHandler                          0x08000123   Thumb Code     0  startup_stm32l151xb.o(.text)
    TIM9_IRQHandler                          0x08000123   Thumb Code     0  startup_stm32l151xb.o(.text)
    USART2_IRQHandler                        0x08000123   Thumb Code     0  startup_stm32l151xb.o(.text)
    USB_FS_WKUP_IRQHandler                   0x08000123   Thumb Code     0  startup_stm32l151xb.o(.text)
    USB_HP_IRQHandler                        0x08000123   Thumb Code     0  startup_stm32l151xb.o(.text)
    USB_LP_IRQHandler                        0x08000123   Thumb Code     0  startup_stm32l151xb.o(.text)
    WWDG_IRQHandler                          0x08000123   Thumb Code     0  startup_stm32l151xb.o(.text)
    __aeabi_memcpy                           0x0800012d   Thumb Code    36  memcpya.o(.text)
    __aeabi_memcpy4                          0x0800012d   Thumb Code     0  memcpya.o(.text)
    __aeabi_memcpy8                          0x0800012d   Thumb Code     0  memcpya.o(.text)
    __aeabi_memset                           0x08000151   Thumb Code    14  memseta.o(.text)
    __aeabi_memset4                          0x08000151   Thumb Code     0  memseta.o(.text)
    __aeabi_memset8                          0x08000151   Thumb Code     0  memseta.o(.text)
    __aeabi_memclr                           0x0800015f   Thumb Code     4  memseta.o(.text)
    __aeabi_memclr4                          0x0800015f   Thumb Code     0  memseta.o(.text)
    __aeabi_memclr8                          0x0800015f   Thumb Code     0  memseta.o(.text)
    _memset$wrapper                          0x08000163   Thumb Code    18  memseta.o(.text)
    __aeabi_fadd                             0x08000175   Thumb Code   164  fadd.o(.text)
    __aeabi_fsub                             0x08000219   Thumb Code     6  fadd.o(.text)
    __aeabi_frsub                            0x0800021f   Thumb Code     6  fadd.o(.text)
    __aeabi_fmul                             0x08000225   Thumb Code   100  fmul.o(.text)
    __aeabi_fdiv                             0x08000289   Thumb Code   124  fdiv.o(.text)
    __aeabi_dadd                             0x08000305   Thumb Code   322  dadd.o(.text)
    __aeabi_dsub                             0x08000447   Thumb Code     6  dadd.o(.text)
    __aeabi_drsub                            0x0800044d   Thumb Code     6  dadd.o(.text)
    __aeabi_dmul                             0x08000453   Thumb Code   228  dmul.o(.text)
    __aeabi_ddiv                             0x08000537   Thumb Code   222  ddiv.o(.text)
    __aeabi_i2f                              0x08000615   Thumb Code    18  fflti.o(.text)
    __aeabi_ui2f                             0x08000627   Thumb Code    10  ffltui.o(.text)
    __aeabi_i2d                              0x08000631   Thumb Code    34  dflti.o(.text)
    __aeabi_ui2d                             0x08000653   Thumb Code    26  dfltui.o(.text)
    __aeabi_f2iz                             0x0800066d   Thumb Code    50  ffixi.o(.text)
    __aeabi_f2uiz                            0x0800069f   Thumb Code    40  ffixui.o(.text)
    __aeabi_d2uiz                            0x080006c7   Thumb Code    50  dfixui.o(.text)
    __aeabi_uldivmod                         0x080006f9   Thumb Code    98  uldiv.o(.text)
    __aeabi_llsl                             0x0800075b   Thumb Code    30  llshl.o(.text)
    _ll_shift_l                              0x0800075b   Thumb Code     0  llshl.o(.text)
    __aeabi_llsr                             0x08000779   Thumb Code    32  llushr.o(.text)
    _ll_ushift_r                             0x08000779   Thumb Code     0  llushr.o(.text)
    __aeabi_lasr                             0x08000799   Thumb Code    36  llsshr.o(.text)
    _ll_sshift_r                             0x08000799   Thumb Code     0  llsshr.o(.text)
    __I$use$fp                               0x080007bd   Thumb Code     0  iusefp.o(.text)
    _float_round                             0x080007bd   Thumb Code    18  fepilogue.o(.text)
    _float_epilogue                          0x080007cf   Thumb Code    92  fepilogue.o(.text)
    _double_round                            0x0800082b   Thumb Code    30  depilogue.o(.text)
    _double_epilogue                         0x08000849   Thumb Code   156  depilogue.o(.text)
    __scatterload                            0x080008e5   Thumb Code    28  init.o(.text)
    __scatterload_rt2                        0x080008e5   Thumb Code     0  init.o(.text)
    BSP_LED_Off                              0x08000909   Thumb Code    18  gpio.o(i.BSP_LED_Off)
    BSP_LED_On                               0x08000925   Thumb Code    18  gpio.o(i.BSP_LED_On)
    BusFault_Handler                         0x08000941   Thumb Code     2  stm32l1xx_it.o(i.BusFault_Handler)
    DMA1_Channel3_IRQHandler                 0x08000945   Thumb Code     6  stm32l1xx_it.o(i.DMA1_Channel3_IRQHandler)
    DMA1_Channel5_IRQHandler                 0x08000951   Thumb Code     6  stm32l1xx_it.o(i.DMA1_Channel5_IRQHandler)
    DebugMon_Handler                         0x08000987   Thumb Code     2  stm32l1xx_it.o(i.DebugMon_Handler)
    Error_Handler                            0x08000989   Thumb Code     2  main.o(i.Error_Handler)
    GetPreambSymbols                         0x0800098d   Thumb Code    58  sx1276-lora.o(i.GetPreambSymbols)
    HAL_DBGMCU_EnableDBGSleepMode            0x080009d1   Thumb Code    12  stm32l1xx_hal.o(i.HAL_DBGMCU_EnableDBGSleepMode)
    HAL_DBGMCU_EnableDBGStandbyMode          0x080009e1   Thumb Code    12  stm32l1xx_hal.o(i.HAL_DBGMCU_EnableDBGStandbyMode)
    HAL_DBGMCU_EnableDBGStopMode             0x080009f1   Thumb Code    12  stm32l1xx_hal.o(i.HAL_DBGMCU_EnableDBGStopMode)
    HAL_DMA_Abort                            0x08000a01   Thumb Code    48  stm32l1xx_hal_dma.o(i.HAL_DMA_Abort)
    HAL_DMA_IRQHandler                       0x08000a31   Thumb Code   168  stm32l1xx_hal_dma.o(i.HAL_DMA_IRQHandler)
    HAL_DMA_Init                             0x08000ad9   Thumb Code    92  stm32l1xx_hal_dma.o(i.HAL_DMA_Init)
    HAL_DMA_Start_IT                         0x08000b3d   Thumb Code   112  stm32l1xx_hal_dma.o(i.HAL_DMA_Start_IT)
    HAL_Delay                                0x08000bad   Thumb Code    22  stm32l1xx_hal.o(i.HAL_Delay)
    HAL_GPIO_Init                            0x08000bc5   Thumb Code   364  stm32l1xx_hal_gpio.o(i.HAL_GPIO_Init)
    HAL_GPIO_ReadPin                         0x08000d51   Thumb Code    10  stm32l1xx_hal_gpio.o(i.HAL_GPIO_ReadPin)
    HAL_GPIO_WritePin                        0x08000d5b   Thumb Code    10  stm32l1xx_hal_gpio.o(i.HAL_GPIO_WritePin)
    HAL_GetTick                              0x08000d65   Thumb Code     6  stm32l1xx_hal.o(i.HAL_GetTick)
    HAL_IncTick                              0x08000d71   Thumb Code    10  stm32l1xx_hal.o(i.HAL_IncTick)
    HAL_Init                                 0x08000d81   Thumb Code    22  stm32l1xx_hal.o(i.HAL_Init)
    HAL_InitTick                             0x08000d99   Thumb Code    34  stm32l1xx_hal.o(i.HAL_InitTick)
    HAL_MspInit                              0x08000dc1   Thumb Code   140  stm32l1xx_hal_msp.o(i.HAL_MspInit)
    HAL_NVIC_EnableIRQ                       0x08000e51   Thumb Code    22  stm32l1xx_hal_cortex.o(i.HAL_NVIC_EnableIRQ)
    HAL_NVIC_SetPriority                     0x08000e69   Thumb Code    60  stm32l1xx_hal_cortex.o(i.HAL_NVIC_SetPriority)
    HAL_NVIC_SetPriorityGrouping             0x08000ea9   Thumb Code    26  stm32l1xx_hal_cortex.o(i.HAL_NVIC_SetPriorityGrouping)
    HAL_PWREx_GetVoltageRange                0x08000ecd   Thumb Code    10  stm32l1xx_hal_pwr_ex.o(i.HAL_PWREx_GetVoltageRange)
    HAL_PWR_EnterSTOPMode                    0x08000edd   Thumb Code    46  stm32l1xx_hal_pwr.o(i.HAL_PWR_EnterSTOPMode)
    HAL_RCCEx_PeriphCLKConfig                0x08000f15   Thumb Code   348  stm32l1xx_hal_rcc_ex.o(i.HAL_RCCEx_PeriphCLKConfig)
    HAL_RCC_ClockConfig                      0x0800107d   Thumb Code   450  stm32l1xx_hal_rcc.o(i.HAL_RCC_ClockConfig)
    HAL_RCC_GetClockConfig                   0x08001251   Thumb Code    54  stm32l1xx_hal_rcc.o(i.HAL_RCC_GetClockConfig)
    HAL_RCC_GetHCLKFreq                      0x08001291   Thumb Code     6  stm32l1xx_hal_rcc.o(i.HAL_RCC_GetHCLKFreq)
    HAL_RCC_GetOscConfig                     0x0800129d   Thumb Code   204  stm32l1xx_hal_rcc.o(i.HAL_RCC_GetOscConfig)
    HAL_RCC_GetPCLK1Freq                     0x0800136d   Thumb Code    34  stm32l1xx_hal_rcc.o(i.HAL_RCC_GetPCLK1Freq)
    HAL_RCC_GetPCLK2Freq                     0x0800139d   Thumb Code    34  stm32l1xx_hal_rcc.o(i.HAL_RCC_GetPCLK2Freq)
    HAL_RCC_GetSysClockFreq                  0x080013cd   Thumb Code   122  stm32l1xx_hal_rcc.o(i.HAL_RCC_GetSysClockFreq)
    HAL_RCC_OscConfig                        0x08001459   Thumb Code  1860  stm32l1xx_hal_rcc.o(i.HAL_RCC_OscConfig)
    HAL_RTCEx_SetWakeUpTimer                 0x08001ba9   Thumb Code   194  stm32l1xx_hal_rtc_ex.o(i.HAL_RTCEx_SetWakeUpTimer)
    HAL_RTCEx_SetWakeUpTimer_IT              0x08001c6d   Thumb Code   242  stm32l1xx_hal_rtc_ex.o(i.HAL_RTCEx_SetWakeUpTimer_IT)
    HAL_RTCEx_WakeUpTimerEventCallback       0x08001d65   Thumb Code     2  stm32l1xx_hal_rtc_ex.o(i.HAL_RTCEx_WakeUpTimerEventCallback)
    HAL_RTCEx_WakeUpTimerIRQHandler          0x08001d69   Thumb Code    46  stm32l1xx_hal_rtc_ex.o(i.HAL_RTCEx_WakeUpTimerIRQHandler)
    HAL_RTC_Init                             0x08001d9d   Thumb Code   150  stm32l1xx_hal_rtc.o(i.HAL_RTC_Init)
    HAL_RTC_MspInit                          0x08001e39   Thumb Code    32  rtc.o(i.HAL_RTC_MspInit)
    HAL_RTC_SetDate                          0x08001e61   Thumb Code   196  stm32l1xx_hal_rtc.o(i.HAL_RTC_SetDate)
    HAL_RTC_SetTime                          0x08001f29   Thumb Code   228  stm32l1xx_hal_rtc.o(i.HAL_RTC_SetTime)
    HAL_RTC_WaitForSynchro                   0x08002011   Thumb Code    54  stm32l1xx_hal_rtc_ex.o(i.HAL_RTC_WaitForSynchro)
    HAL_SPI_Init                             0x08002047   Thumb Code   122  stm32l1xx_hal_spi_ex.o(i.HAL_SPI_Init)
    HAL_SPI_MspInit                          0x080020c1   Thumb Code    64  spi.o(i.HAL_SPI_MspInit)
    HAL_SYSTICK_CLKSourceConfig              0x0800210d   Thumb Code    24  stm32l1xx_hal_cortex.o(i.HAL_SYSTICK_CLKSourceConfig)
    HAL_SYSTICK_Callback                     0x08002125   Thumb Code    10  main.o(i.HAL_SYSTICK_Callback)
    HAL_SYSTICK_Config                       0x08002135   Thumb Code    40  stm32l1xx_hal_cortex.o(i.HAL_SYSTICK_Config)
    HAL_SYSTICK_IRQHandler                   0x0800215d   Thumb Code     8  stm32l1xx_hal_cortex.o(i.HAL_SYSTICK_IRQHandler)
    HAL_UART_DMAStop                         0x08002165   Thumb Code    40  stm32l1xx_hal_uart.o(i.HAL_UART_DMAStop)
    HAL_UART_ErrorCallback                   0x0800218d   Thumb Code     2  stm32l1xx_hal_uart.o(i.HAL_UART_ErrorCallback)
    HAL_UART_IRQHandler                      0x08002191   Thumb Code   218  stm32l1xx_hal_uart.o(i.HAL_UART_IRQHandler)
    HAL_UART_Init                            0x0800226b   Thumb Code    94  stm32l1xx_hal_uart.o(i.HAL_UART_Init)
    HAL_UART_MspInit                         0x080022c9   Thumb Code   226  usart.o(i.HAL_UART_MspInit)
    HAL_UART_Receive_DMA                     0x080023c5   Thumb Code   122  stm32l1xx_hal_uart.o(i.HAL_UART_Receive_DMA)
    HAL_UART_RxCpltCallback                  0x0800244d   Thumb Code     2  usart.o(i.HAL_UART_RxCpltCallback)
    HAL_UART_RxHalfCpltCallback              0x0800244f   Thumb Code     2  stm32l1xx_hal_uart.o(i.HAL_UART_RxHalfCpltCallback)
    HAL_UART_Transmit                        0x08002451   Thumb Code   204  stm32l1xx_hal_uart.o(i.HAL_UART_Transmit)
    HAL_UART_TxCpltCallback                  0x0800251d   Thumb Code     2  stm32l1xx_hal_uart.o(i.HAL_UART_TxCpltCallback)
    HardFault_Handler                        0x0800251f   Thumb Code     2  stm32l1xx_it.o(i.HardFault_Handler)
    LoRaNodeCollectData                      0x0800259d   Thumb Code    40  main.o(i.LoRaNodeCollectData)
    LoRaNodeHeartBreath                      0x080025c9   Thumb Code   142  main.o(i.LoRaNodeHeartBreath)
    LoRaPayLoadInit                          0x08002685   Thumb Code    94  main.o(i.LoRaPayLoadInit)
    LoRaSystemInit                           0x080026f5   Thumb Code    22  main.o(i.LoRaSystemInit)
    MX_DMA_Init                              0x0800270d   Thumb Code    56  dma.o(i.MX_DMA_Init)
    MX_GPIO_Init                             0x08002749   Thumb Code   260  gpio.o(i.MX_GPIO_Init)
    MX_RTC_Init                              0x08002861   Thumb Code   132  rtc.o(i.MX_RTC_Init)
    MX_SPI2_Init                             0x080028ed   Thumb Code    60  spi.o(i.MX_SPI2_Init)
    MX_USART1_UART_Init                      0x08002931   Thumb Code    56  usart.o(i.MX_USART1_UART_Init)
    MX_USART3_UART_Init                      0x08002971   Thumb Code    48  usart.o(i.MX_USART3_UART_Init)
    MemManage_Handler                        0x080029a9   Thumb Code     2  stm32l1xx_it.o(i.MemManage_Handler)
    NMI_Handler                              0x080029ab   Thumb Code     2  stm32l1xx_it.o(i.NMI_Handler)
    PendSV_Handler                           0x080029cd   Thumb Code     2  stm32l1xx_it.o(i.PendSV_Handler)
    RTC_Bcd2ToByte                           0x08002a49   Thumb Code    18  stm32l1xx_hal_rtc.o(i.RTC_Bcd2ToByte)
    RTC_ByteToBcd2                           0x08002a5b   Thumb Code    22  stm32l1xx_hal_rtc.o(i.RTC_ByteToBcd2)
    RTC_EnterInitMode                        0x08002a71   Thumb Code    58  stm32l1xx_hal_rtc.o(i.RTC_EnterInitMode)
    SPI_Enable                               0x08002aab   Thumb Code    12  spi.o(i.SPI_Enable)
    SPI_GetFlagStatus                        0x08002ab7   Thumb Code    14  spi.o(i.SPI_GetFlagStatus)
    SVC_Handler                              0x08002ac5   Thumb Code     2  stm32l1xx_it.o(i.SVC_Handler)
    SX1276Init                               0x08002ac9   Thumb Code    42  sx1276.o(i.SX1276Init)
    SX1276InitIo                             0x08002b05   Thumb Code   180  sx1276-hal.o(i.SX1276InitIo)
    SX1276LoRaGetRxPacket                    0x08002bc1   Thumb Code    16  sx1276-lora.o(i.SX1276LoRaGetRxPacket)
    SX1276LoRaInit                           0x08002bd9   Thumb Code   286  sx1276-lora.o(i.SX1276LoRaInit)
    SX1276LoRaProcess                        0x08002d45   Thumb Code  1198  sx1276-lora.o(i.SX1276LoRaProcess)
    SX1276LoRaReadRxGain                     0x080031f5   Thumb Code    22  sx1276-lora.o(i.SX1276LoRaReadRxGain)
    SX1276LoRaSetDefaults                    0x08003211   Thumb Code    12  sx1276-lora.o(i.SX1276LoRaSetDefaults)
    SX1276LoRaSetErrorCoding                 0x08003221   Thumb Code    44  sx1276-loramisc.o(i.SX1276LoRaSetErrorCoding)
    SX1276LoRaSetImplicitHeaderOn            0x08003255   Thumb Code    40  sx1276-loramisc.o(i.SX1276LoRaSetImplicitHeaderOn)
    SX1276LoRaSetLowDatarateOptimize         0x08003285   Thumb Code    42  sx1276-loramisc.o(i.SX1276LoRaSetLowDatarateOptimize)
    SX1276LoRaSetNbTrigPeaks                 0x080032b5   Thumb Code    40  sx1276-loramisc.o(i.SX1276LoRaSetNbTrigPeaks)
    SX1276LoRaSetOpMode                      0x080032e1   Thumb Code    64  sx1276-lora.o(i.SX1276LoRaSetOpMode)
    SX1276LoRaSetPAOutput                    0x08003325   Thumb Code    38  sx1276-loramisc.o(i.SX1276LoRaSetPAOutput)
    SX1276LoRaSetPa20dBm                     0x08003351   Thumb Code    62  sx1276-loramisc.o(i.SX1276LoRaSetPa20dBm)
    SX1276LoRaSetPacketCrcOn                 0x08003395   Thumb Code    42  sx1276-loramisc.o(i.SX1276LoRaSetPacketCrcOn)
    SX1276LoRaSetPayloadLength               0x080033c9   Thumb Code    26  sx1276-loramisc.o(i.SX1276LoRaSetPayloadLength)
    SX1276LoRaSetPreambleLength              0x080033ed   Thumb Code    40  sx1276-loramisc.o(i.SX1276LoRaSetPreambleLength)
    SX1276LoRaSetRFFrequency                 0x08003419   Thumb Code    64  sx1276-loramisc.o(i.SX1276LoRaSetRFFrequency)
    SX1276LoRaSetRFPower                     0x08003491   Thumb Code   146  sx1276-loramisc.o(i.SX1276LoRaSetRFPower)
    SX1276LoRaSetRFState                     0x0800352d   Thumb Code     6  sx1276-lora.o(i.SX1276LoRaSetRFState)
    SX1276LoRaSetSignalBandwidth             0x08003539   Thumb Code    40  sx1276-loramisc.o(i.SX1276LoRaSetSignalBandwidth)
    SX1276LoRaSetSpreadingFactor             0x08003569   Thumb Code    74  sx1276-loramisc.o(i.SX1276LoRaSetSpreadingFactor)
    SX1276LoRaSetSymbTimeout                 0x080035bd   Thumb Code    52  sx1276-loramisc.o(i.SX1276LoRaSetSymbTimeout)
    SX1276LoRaSetTxPacket                    0x080035f5   Thumb Code    22  sx1276-lora.o(i.SX1276LoRaSetTxPacket)
    SX1276Read                               0x08003615   Thumb Code     6  sx1276-hal.o(i.SX1276Read)
    SX1276ReadBuffer                         0x0800361d   Thumb Code    70  sx1276-hal.o(i.SX1276ReadBuffer)
    SX1276ReadDio0                           0x08003669   Thumb Code     8  sx1276-hal.o(i.SX1276ReadDio0)
    SX1276ReadDio2                           0x08003675   Thumb Code     8  sx1276-hal.o(i.SX1276ReadDio2)
    SX1276ReadFifo                           0x08003681   Thumb Code    10  sx1276-hal.o(i.SX1276ReadFifo)
    SX1276Reset                              0x0800368d   Thumb Code    52  sx1276.o(i.SX1276Reset)
    SX1276SetLoRaOn                          0x080036c1   Thumb Code   130  sx1276.o(i.SX1276SetLoRaOn)
    SX1276SetReset                           0x08003751   Thumb Code    22  sx1276-hal.o(i.SX1276SetReset)
    SX1276Write                              0x0800376d   Thumb Code    12  sx1276-hal.o(i.SX1276Write)
    SX1276WriteBuffer                        0x08003779   Thumb Code    68  sx1276-hal.o(i.SX1276WriteBuffer)
    SX1276WriteFifo                          0x080037c1   Thumb Code    10  sx1276-hal.o(i.SX1276WriteFifo)
    SX1276WriteRxTx                          0x080037cb   Thumb Code     2  sx1276-hal.o(i.SX1276WriteRxTx)
    SetLoRaCommPram                          0x080037cd   Thumb Code    94  main.o(i.SetLoRaCommPram)
    SetLoRaRx                                0x0800387d   Thumb Code    22  main.o(i.SetLoRaRx)
    SetLoRaSleep                             0x08003899   Thumb Code    28  main.o(i.SetLoRaSleep)
    SetLoRaTx                                0x080038b9   Thumb Code    36  main.o(i.SetLoRaTx)
    SpiInOut                                 0x080038f5   Thumb Code    28  spi.o(i.SpiInOut)
    StopMode_Measure                         0x08003915   Thumb Code    98  stm32l1xx_lp_modes.o(i.StopMode_Measure)
    SysTick_Handler                          0x0800397d   Thumb Code    14  stm32l1xx_it.o(i.SysTick_Handler)
    SystemClock_Config                       0x0800398d   Thumb Code   138  main.o(i.SystemClock_Config)
    SystemInit                               0x08003a1d   Thumb Code    62  system_stm32l1xx.o(i.SystemInit)
    USART1_IRQHandler                        0x08003f41   Thumb Code    18  stm32l1xx_it.o(i.USART1_IRQHandler)
    USART3_IRQHandler                        0x08003f59   Thumb Code     6  stm32l1xx_it.o(i.USART3_IRQHandler)
    UartPayLoadInit                          0x08003f65   Thumb Code    10  main.o(i.UartPayLoadInit)
    UartReceive_DMA                          0x08003f75   Thumb Code    28  usart.o(i.UartReceive_DMA)
    UsageFault_Handler                       0x08003f99   Thumb Code     2  stm32l1xx_it.o(i.UsageFault_Handler)
    UsartReceive_IDLE                        0x08003f9d   Thumb Code    62  usart.o(i.UsartReceive_IDLE)
    __0printf$8                              0x08003fe5   Thumb Code    22  printf8.o(i.__0printf$8)
    __1printf$8                              0x08003fe5   Thumb Code     0  printf8.o(i.__0printf$8)
    __2printf                                0x08003fe5   Thumb Code     0  printf8.o(i.__0printf$8)
    __scatterload_copy                       0x08004005   Thumb Code    14  handlers.o(i.__scatterload_copy)
    __scatterload_null                       0x08004013   Thumb Code     2  handlers.o(i.__scatterload_null)
    __scatterload_zeroinit                   0x08004015   Thumb Code    14  handlers.o(i.__scatterload_zeroinit)
    cj188_collect_meter                      0x08004489   Thumb Code    74  cj188.o(i.cj188_collect_meter)
    dlt645_collect_meter                     0x080044d9   Thumb Code    96  dlt645.o(i.dlt645_collect_meter)
    fputc                                    0x0800453d   Thumb Code    20  usart.o(i.fputc)
    gateway_process                          0x08004555   Thumb Code    38  main.o(i.gateway_process)
    lora_process                             0x080045b5   Thumb Code    52  main.o(i.lora_process)
    lora_protocol_process                    0x080045f1   Thumb Code   592  main.o(i.lora_protocol_process)
    main                                     0x08004929   Thumb Code    78  main.o(i.main)
    system_Status_process                    0x08004989   Thumb Code   116  main.o(i.system_Status_process)
    uart_Process                             0x08004a41   Thumb Code   206  main.o(i.uart_Process)
    PLLMulTable                              0x08004b58   Data           9  system_stm32l1xx.o(.constdata)
    AHBPrescTable                            0x08004b61   Data          16  system_stm32l1xx.o(.constdata)
    APBPrescTable                            0x08004b71   Data           8  system_stm32l1xx.o(.constdata)
    GPIO_PIN                                 0x08004b7a   Data           4  gpio.o(.constdata)
    NetAddr                                  0x08004b7e   Data           2  main.o(.constdata)
    NodeAddr                                 0x08004b80   Data           2  main.o(.constdata)
    HoppingFrequencies                       0x08004b84   Data         204  sx1276-lora.o(.constdata)
    LORA_SignalBw                            0x08004c50   Data          44  sx1276-lora.o(.constdata)
    DLT645_Data_Mark                         0x08004c7c   Data          68  dlt645.o(.constdata)
    Region$$Table$$Base                      0x08004cc0   Number         0  anon$$obj.o(Region$$Table)
    Region$$Table$$Limit                     0x08004ce0   Number         0  anon$$obj.o(Region$$Table)
    SystemCoreClock                          0x20000000   Data           4  system_stm32l1xx.o(.data)
    GPIO_PORT                                0x20000004   Data           8  gpio.o(.data)
    LoRaProtocolState                        0x2000000c   Data           1  main.o(.data)
    RecvGatewayCmd                           0x2000000d   Data           1  main.o(.data)
    RfResult                                 0x2000000e   Data           1  main.o(.data)
    Lora_flag                                0x2000000f   Data           1  main.o(.data)
    PayLoadLen                               0x20000010   Data           2  main.o(.data)
    pRFPayLoad                               0x20000014   Data           4  main.o(.data)
    SystemTick                               0x2000001c   Data           4  main.o(.data)
    RecvGatewayCmdTimeOut                    0x20000020   Data           4  main.o(.data)
    uwTick                                   0x20000024   Data           4  stm32l1xx_hal.o(.data)
    ValidheaderDetected                      0x20000030   Data           1  sx1276-lora.o(.data)
    RxHeaderNb                               0x20000031   Data           1  sx1276-lora.o(.data)
    PreambleLength                           0x2000003c   Data           2  sx1276-lora.o(.data)
    Tick_prev                                0x20000040   Data           4  sx1276-lora.o(.data)
    TickTmp                                  0x20000044   Data           4  sx1276-lora.o(.data)
    SX1276LR                                 0x2000004c   Data           4  sx1276-lora.o(.data)
    RF_StartAddr                             0x20000050   Data           4  sx1276-lora.o(.data)
    LoRaSettings                             0x20000060   Data          28  sx1276-lora.o(.data)
    __stdout                                 0x20000080   Data           4  stdout.o(.data)
    huart1                                   0x20000084   Data          64  usart.o(.bss)
    huart3                                   0x200000c4   Data          64  usart.o(.bss)
    hdma_usart1_rx                           0x20000104   Data          68  usart.o(.bss)
    hdma_usart3_rx                           0x20000148   Data          68  usart.o(.bss)
    hrtc                                     0x2000018c   Data          32  rtc.o(.bss)
    PayLoadBuff                              0x200001ac   Data         255  main.o(.bss)
    LoRaDevice                               0x200002ac   Data          22  main.o(.bss)
    UsartType                                0x200002c2   Data        2056  main.o(.bss)
    hspi2                                    0x20000acc   Data          88  spi.o(.bss)
    SX1276Regs                               0x20000b24   Data         112  sx1276.o(.bss)
    __initial_sp                             0x20001098   Data           0  startup_stm32l151xb.o(STACK)



==============================================================================

Memory Map of the image

  Image Entry point : 0x080000f5

  Load Region LR_IROM1 (Base: 0x08000000, Size: 0x00004d64, Max: 0x00020000, ABSOLUTE)

    Execution Region ER_IROM1 (Exec base: 0x08000000, Load base: 0x08000000, Size: 0x00004ce0, Max: 0x00020000, ABSOLUTE)

    Exec Addr    Load Addr    Size         Type   Attr      Idx    E Section Name        Object

    0x08000000   0x08000000   0x000000f4   Data   RO         2652    RESET               startup_stm32l151xb.o
    0x080000f4   0x080000f4   0x00000000   Code   RO         3380  * .ARM.Collect$$$$00000000  mc_w.l(entry.o)
    0x080000f4   0x080000f4   0x00000004   Code   RO         3676    .ARM.Collect$$$$00000001  mc_w.l(entry2.o)
    0x080000f8   0x080000f8   0x00000004   Code   RO         3679    .ARM.Collect$$$$00000004  mc_w.l(entry5.o)
    0x080000fc   0x080000fc   0x00000000   Code   RO         3681    .ARM.Collect$$$$00000008  mc_w.l(entry7b.o)
    0x080000fc   0x080000fc   0x00000000   Code   RO         3683    .ARM.Collect$$$$0000000A  mc_w.l(entry8b.o)
    0x080000fc   0x080000fc   0x00000008   Code   RO         3684    .ARM.Collect$$$$0000000B  mc_w.l(entry9a.o)
    0x08000104   0x08000104   0x00000000   Code   RO         3686    .ARM.Collect$$$$0000000D  mc_w.l(entry10a.o)
    0x08000104   0x08000104   0x00000000   Code   RO         3688    .ARM.Collect$$$$0000000F  mc_w.l(entry11a.o)
    0x08000104   0x08000104   0x00000004   Code   RO         3677    .ARM.Collect$$$$00002712  mc_w.l(entry2.o)
    0x08000108   0x08000108   0x00000024   Code   RO         2653    .text               startup_stm32l151xb.o
    0x0800012c   0x0800012c   0x00000024   Code   RO         3383    .text               mc_w.l(memcpya.o)
    0x08000150   0x08000150   0x00000024   Code   RO         3385    .text               mc_w.l(memseta.o)
    0x08000174   0x08000174   0x000000b0   Code   RO         3650    .text               mf_w.l(fadd.o)
    0x08000224   0x08000224   0x00000064   Code   RO         3652    .text               mf_w.l(fmul.o)
    0x08000288   0x08000288   0x0000007c   Code   RO         3654    .text               mf_w.l(fdiv.o)
    0x08000304   0x08000304   0x0000014e   Code   RO         3656    .text               mf_w.l(dadd.o)
    0x08000452   0x08000452   0x000000e4   Code   RO         3658    .text               mf_w.l(dmul.o)
    0x08000536   0x08000536   0x000000de   Code   RO         3660    .text               mf_w.l(ddiv.o)
    0x08000614   0x08000614   0x00000012   Code   RO         3662    .text               mf_w.l(fflti.o)
    0x08000626   0x08000626   0x0000000a   Code   RO         3664    .text               mf_w.l(ffltui.o)
    0x08000630   0x08000630   0x00000022   Code   RO         3666    .text               mf_w.l(dflti.o)
    0x08000652   0x08000652   0x0000001a   Code   RO         3668    .text               mf_w.l(dfltui.o)
    0x0800066c   0x0800066c   0x00000032   Code   RO         3670    .text               mf_w.l(ffixi.o)
    0x0800069e   0x0800069e   0x00000028   Code   RO         3672    .text               mf_w.l(ffixui.o)
    0x080006c6   0x080006c6   0x00000032   Code   RO         3674    .text               mf_w.l(dfixui.o)
    0x080006f8   0x080006f8   0x00000062   Code   RO         3693    .text               mc_w.l(uldiv.o)
    0x0800075a   0x0800075a   0x0000001e   Code   RO         3695    .text               mc_w.l(llshl.o)
    0x08000778   0x08000778   0x00000020   Code   RO         3697    .text               mc_w.l(llushr.o)
    0x08000798   0x08000798   0x00000024   Code   RO         3699    .text               mc_w.l(llsshr.o)
    0x080007bc   0x080007bc   0x00000000   Code   RO         3701    .text               mc_w.l(iusefp.o)
    0x080007bc   0x080007bc   0x0000006e   Code   RO         3702    .text               mf_w.l(fepilogue.o)
    0x0800082a   0x0800082a   0x000000ba   Code   RO         3704    .text               mf_w.l(depilogue.o)
    0x080008e4   0x080008e4   0x00000024   Code   RO         3710    .text               mc_w.l(init.o)
    0x08000908   0x08000908   0x0000001c   Code   RO          141    i.BSP_LED_Off       gpio.o
    0x08000924   0x08000924   0x0000001c   Code   RO          142    i.BSP_LED_On        gpio.o
    0x08000940   0x08000940   0x00000002   Code   RO          673    i.BusFault_Handler  stm32l1xx_it.o
    0x08000942   0x08000942   0x00000002   PAD
    0x08000944   0x08000944   0x0000000c   Code   RO          674    i.DMA1_Channel3_IRQHandler  stm32l1xx_it.o
    0x08000950   0x08000950   0x0000000c   Code   RO          675    i.DMA1_Channel5_IRQHandler  stm32l1xx_it.o
    0x0800095c   0x0800095c   0x0000002a   Code   RO         1773    i.DMA_SetConfig     stm32l1xx_hal_dma.o
    0x08000986   0x08000986   0x00000002   Code   RO          676    i.DebugMon_Handler  stm32l1xx_it.o
    0x08000988   0x08000988   0x00000002   Code   RO          384    i.Error_Handler     main.o
    0x0800098a   0x0800098a   0x00000002   PAD
    0x0800098c   0x0800098c   0x00000044   Code   RO         2911    i.GetPreambSymbols  sx1276-lora.o
    0x080009d0   0x080009d0   0x00000010   Code   RO         2314    i.HAL_DBGMCU_EnableDBGSleepMode  stm32l1xx_hal.o
    0x080009e0   0x080009e0   0x00000010   Code   RO         2315    i.HAL_DBGMCU_EnableDBGStandbyMode  stm32l1xx_hal.o
    0x080009f0   0x080009f0   0x00000010   Code   RO         2316    i.HAL_DBGMCU_EnableDBGStopMode  stm32l1xx_hal.o
    0x08000a00   0x08000a00   0x00000030   Code   RO         1774    i.HAL_DMA_Abort     stm32l1xx_hal_dma.o
    0x08000a30   0x08000a30   0x000000a8   Code   RO         1779    i.HAL_DMA_IRQHandler  stm32l1xx_hal_dma.o
    0x08000ad8   0x08000ad8   0x00000064   Code   RO         1780    i.HAL_DMA_Init      stm32l1xx_hal_dma.o
    0x08000b3c   0x08000b3c   0x00000070   Code   RO         1784    i.HAL_DMA_Start_IT  stm32l1xx_hal_dma.o
    0x08000bac   0x08000bac   0x00000016   Code   RO         2318    i.HAL_Delay         stm32l1xx_hal.o
    0x08000bc2   0x08000bc2   0x00000002   PAD
    0x08000bc4   0x08000bc4   0x0000018c   Code   RO         2230    i.HAL_GPIO_Init     stm32l1xx_hal_gpio.o
    0x08000d50   0x08000d50   0x0000000a   Code   RO         2232    i.HAL_GPIO_ReadPin  stm32l1xx_hal_gpio.o
    0x08000d5a   0x08000d5a   0x0000000a   Code   RO         2234    i.HAL_GPIO_WritePin  stm32l1xx_hal_gpio.o
    0x08000d64   0x08000d64   0x0000000c   Code   RO         2322    i.HAL_GetTick       stm32l1xx_hal.o
    0x08000d70   0x08000d70   0x00000010   Code   RO         2323    i.HAL_IncTick       stm32l1xx_hal.o
    0x08000d80   0x08000d80   0x00000016   Code   RO         2324    i.HAL_Init          stm32l1xx_hal.o
    0x08000d96   0x08000d96   0x00000002   PAD
    0x08000d98   0x08000d98   0x00000028   Code   RO         2325    i.HAL_InitTick      stm32l1xx_hal.o
    0x08000dc0   0x08000dc0   0x00000090   Code   RO          263    i.HAL_MspInit       stm32l1xx_hal_msp.o
    0x08000e50   0x08000e50   0x00000016   Code   RO         1200    i.HAL_NVIC_EnableIRQ  stm32l1xx_hal_cortex.o
    0x08000e66   0x08000e66   0x00000002   PAD
    0x08000e68   0x08000e68   0x00000040   Code   RO         1206    i.HAL_NVIC_SetPriority  stm32l1xx_hal_cortex.o
    0x08000ea8   0x08000ea8   0x00000024   Code   RO         1207    i.HAL_NVIC_SetPriorityGrouping  stm32l1xx_hal_cortex.o
    0x08000ecc   0x08000ecc   0x00000010   Code   RO         1563    i.HAL_PWREx_GetVoltageRange  stm32l1xx_hal_pwr_ex.o
    0x08000edc   0x08000edc   0x00000038   Code   RO         1631    i.HAL_PWR_EnterSTOPMode  stm32l1xx_hal_pwr.o
    0x08000f14   0x08000f14   0x00000168   Code   RO         1739    i.HAL_RCCEx_PeriphCLKConfig  stm32l1xx_hal_rcc_ex.o
    0x0800107c   0x0800107c   0x000001d4   Code   RO          774    i.HAL_RCC_ClockConfig  stm32l1xx_hal_rcc.o
    0x08001250   0x08001250   0x00000040   Code   RO          778    i.HAL_RCC_GetClockConfig  stm32l1xx_hal_rcc.o
    0x08001290   0x08001290   0x0000000c   Code   RO          779    i.HAL_RCC_GetHCLKFreq  stm32l1xx_hal_rcc.o
    0x0800129c   0x0800129c   0x000000d0   Code   RO          780    i.HAL_RCC_GetOscConfig  stm32l1xx_hal_rcc.o
    0x0800136c   0x0800136c   0x00000030   Code   RO          781    i.HAL_RCC_GetPCLK1Freq  stm32l1xx_hal_rcc.o
    0x0800139c   0x0800139c   0x00000030   Code   RO          782    i.HAL_RCC_GetPCLK2Freq  stm32l1xx_hal_rcc.o
    0x080013cc   0x080013cc   0x0000008c   Code   RO          783    i.HAL_RCC_GetSysClockFreq  stm32l1xx_hal_rcc.o
    0x08001458   0x08001458   0x00000750   Code   RO          786    i.HAL_RCC_OscConfig  stm32l1xx_hal_rcc.o
    0x08001ba8   0x08001ba8   0x000000c2   Code   RO         1997    i.HAL_RTCEx_SetWakeUpTimer  stm32l1xx_hal_rtc_ex.o
    0x08001c6a   0x08001c6a   0x00000002   PAD
    0x08001c6c   0x08001c6c   0x000000f8   Code   RO         1998    i.HAL_RTCEx_SetWakeUpTimer_IT  stm32l1xx_hal_rtc_ex.o
    0x08001d64   0x08001d64   0x00000002   Code   RO         2002    i.HAL_RTCEx_WakeUpTimerEventCallback  stm32l1xx_hal_rtc_ex.o
    0x08001d66   0x08001d66   0x00000002   PAD
    0x08001d68   0x08001d68   0x00000034   Code   RO         2003    i.HAL_RTCEx_WakeUpTimerIRQHandler  stm32l1xx_hal_rtc_ex.o
    0x08001d9c   0x08001d9c   0x0000009c   Code   RO         1874    i.HAL_RTC_Init      stm32l1xx_hal_rtc.o
    0x08001e38   0x08001e38   0x00000028   Code   RO          288    i.HAL_RTC_MspInit   rtc.o
    0x08001e60   0x08001e60   0x000000c8   Code   RO         1878    i.HAL_RTC_SetDate   stm32l1xx_hal_rtc.o
    0x08001f28   0x08001f28   0x000000e8   Code   RO         1879    i.HAL_RTC_SetTime   stm32l1xx_hal_rtc.o
    0x08002010   0x08002010   0x00000036   Code   RO         2009    i.HAL_RTC_WaitForSynchro  stm32l1xx_hal_rtc_ex.o
    0x08002046   0x08002046   0x0000007a   Code   RO         2203    i.HAL_SPI_Init      stm32l1xx_hal_spi_ex.o
    0x080020c0   0x080020c0   0x0000004c   Code   RO          580    i.HAL_SPI_MspInit   spi.o
    0x0800210c   0x0800210c   0x00000018   Code   RO         1209    i.HAL_SYSTICK_CLKSourceConfig  stm32l1xx_hal_cortex.o
    0x08002124   0x08002124   0x00000010   Code   RO          385    i.HAL_SYSTICK_Callback  main.o
    0x08002134   0x08002134   0x00000028   Code   RO         1211    i.HAL_SYSTICK_Config  stm32l1xx_hal_cortex.o
    0x0800215c   0x0800215c   0x00000008   Code   RO         1212    i.HAL_SYSTICK_IRQHandler  stm32l1xx_hal_cortex.o
    0x08002164   0x08002164   0x00000028   Code   RO         1330    i.HAL_UART_DMAStop  stm32l1xx_hal_uart.o
    0x0800218c   0x0800218c   0x00000002   Code   RO         1332    i.HAL_UART_ErrorCallback  stm32l1xx_hal_uart.o
    0x0800218e   0x0800218e   0x00000002   PAD
    0x08002190   0x08002190   0x000000da   Code   RO         1335    i.HAL_UART_IRQHandler  stm32l1xx_hal_uart.o
    0x0800226a   0x0800226a   0x0000005e   Code   RO         1336    i.HAL_UART_Init     stm32l1xx_hal_uart.o
    0x080022c8   0x080022c8   0x000000fc   Code   RO          189    i.HAL_UART_MspInit  usart.o
    0x080023c4   0x080023c4   0x00000088   Code   RO         1340    i.HAL_UART_Receive_DMA  stm32l1xx_hal_uart.o
    0x0800244c   0x0800244c   0x00000002   Code   RO          190    i.HAL_UART_RxCpltCallback  usart.o
    0x0800244e   0x0800244e   0x00000002   Code   RO         1343    i.HAL_UART_RxHalfCpltCallback  stm32l1xx_hal_uart.o
    0x08002450   0x08002450   0x000000cc   Code   RO         1344    i.HAL_UART_Transmit  stm32l1xx_hal_uart.o
    0x0800251c   0x0800251c   0x00000002   Code   RO         1347    i.HAL_UART_TxCpltCallback  stm32l1xx_hal_uart.o
    0x0800251e   0x0800251e   0x00000002   Code   RO          677    i.HardFault_Handler  stm32l1xx_it.o
    0x08002520   0x08002520   0x0000007c   Code   RO          386    i.LoRaDeviceInit    main.o
    0x0800259c   0x0800259c   0x0000002c   Code   RO          387    i.LoRaNodeCollectData  main.o
    0x080025c8   0x080025c8   0x000000bc   Code   RO          388    i.LoRaNodeHeartBreath  main.o
    0x08002684   0x08002684   0x00000070   Code   RO          389    i.LoRaPayLoadInit   main.o
    0x080026f4   0x080026f4   0x00000016   Code   RO          390    i.LoRaSystemInit    main.o
    0x0800270a   0x0800270a   0x00000002   PAD
    0x0800270c   0x0800270c   0x0000003c   Code   RO          649    i.MX_DMA_Init       dma.o
    0x08002748   0x08002748   0x00000118   Code   RO          143    i.MX_GPIO_Init      gpio.o
    0x08002860   0x08002860   0x0000008c   Code   RO          289    i.MX_RTC_Init       rtc.o
    0x080028ec   0x080028ec   0x00000044   Code   RO          581    i.MX_SPI2_Init      spi.o
    0x08002930   0x08002930   0x00000040   Code   RO          191    i.MX_USART1_UART_Init  usart.o
    0x08002970   0x08002970   0x00000038   Code   RO          192    i.MX_USART3_UART_Init  usart.o
    0x080029a8   0x080029a8   0x00000002   Code   RO          678    i.MemManage_Handler  stm32l1xx_it.o
    0x080029aa   0x080029aa   0x00000002   Code   RO          679    i.NMI_Handler       stm32l1xx_it.o
    0x080029ac   0x080029ac   0x00000020   Code   RO         1213    i.NVIC_SetPriority  stm32l1xx_hal_cortex.o
    0x080029cc   0x080029cc   0x00000002   Code   RO          680    i.PendSV_Handler    stm32l1xx_it.o
    0x080029ce   0x080029ce   0x00000002   PAD
    0x080029d0   0x080029d0   0x00000078   Code   RO          787    i.RCC_SetFlashLatencyFromMSIRange  stm32l1xx_hal_rcc.o
    0x08002a48   0x08002a48   0x00000012   Code   RO         1880    i.RTC_Bcd2ToByte    stm32l1xx_hal_rtc.o
    0x08002a5a   0x08002a5a   0x00000016   Code   RO         1881    i.RTC_ByteToBcd2    stm32l1xx_hal_rtc.o
    0x08002a70   0x08002a70   0x0000003a   Code   RO         1882    i.RTC_EnterInitMode  stm32l1xx_hal_rtc.o
    0x08002aaa   0x08002aaa   0x0000000c   Code   RO          582    i.SPI_Enable        spi.o
    0x08002ab6   0x08002ab6   0x0000000e   Code   RO          583    i.SPI_GetFlagStatus  spi.o
    0x08002ac4   0x08002ac4   0x00000002   Code   RO          681    i.SVC_Handler       stm32l1xx_it.o
    0x08002ac6   0x08002ac6   0x00000002   PAD
    0x08002ac8   0x08002ac8   0x0000003c   Code   RO         2668    i.SX1276Init        sx1276.o
    0x08002b04   0x08002b04   0x000000bc   Code   RO         2803    i.SX1276InitIo      sx1276-hal.o
    0x08002bc0   0x08002bc0   0x00000018   Code   RO         2918    i.SX1276LoRaGetRxPacket  sx1276-lora.o
    0x08002bd8   0x08002bd8   0x0000016c   Code   RO         2920    i.SX1276LoRaInit    sx1276-lora.o
    0x08002d44   0x08002d44   0x000004ae   Code   RO         2921    i.SX1276LoRaProcess  sx1276-lora.o
    0x080031f2   0x080031f2   0x00000002   PAD
    0x080031f4   0x080031f4   0x0000001c   Code   RO         2923    i.SX1276LoRaReadRxGain  sx1276-lora.o
    0x08003210   0x08003210   0x00000010   Code   RO         2925    i.SX1276LoRaSetDefaults  sx1276-lora.o
    0x08003220   0x08003220   0x00000034   Code   RO         3077    i.SX1276LoRaSetErrorCoding  sx1276-loramisc.o
    0x08003254   0x08003254   0x00000030   Code   RO         3080    i.SX1276LoRaSetImplicitHeaderOn  sx1276-loramisc.o
    0x08003284   0x08003284   0x00000030   Code   RO         3081    i.SX1276LoRaSetLowDatarateOptimize  sx1276-loramisc.o
    0x080032b4   0x080032b4   0x0000002c   Code   RO         3082    i.SX1276LoRaSetNbTrigPeaks  sx1276-loramisc.o
    0x080032e0   0x080032e0   0x00000044   Code   RO         2926    i.SX1276LoRaSetOpMode  sx1276-lora.o
    0x08003324   0x08003324   0x0000002c   Code   RO         3083    i.SX1276LoRaSetPAOutput  sx1276-loramisc.o
    0x08003350   0x08003350   0x00000044   Code   RO         3084    i.SX1276LoRaSetPa20dBm  sx1276-loramisc.o
    0x08003394   0x08003394   0x00000034   Code   RO         3086    i.SX1276LoRaSetPacketCrcOn  sx1276-loramisc.o
    0x080033c8   0x080033c8   0x00000024   Code   RO         3087    i.SX1276LoRaSetPayloadLength  sx1276-loramisc.o
    0x080033ec   0x080033ec   0x0000002c   Code   RO         3088    i.SX1276LoRaSetPreambleLength  sx1276-loramisc.o
    0x08003418   0x08003418   0x00000078   Code   RO         3089    i.SX1276LoRaSetRFFrequency  sx1276-loramisc.o
    0x08003490   0x08003490   0x0000009c   Code   RO         3090    i.SX1276LoRaSetRFPower  sx1276-loramisc.o
    0x0800352c   0x0800352c   0x0000000c   Code   RO         2927    i.SX1276LoRaSetRFState  sx1276-lora.o
    0x08003538   0x08003538   0x00000030   Code   RO         3093    i.SX1276LoRaSetSignalBandwidth  sx1276-loramisc.o
    0x08003568   0x08003568   0x00000054   Code   RO         3094    i.SX1276LoRaSetSpreadingFactor  sx1276-loramisc.o
    0x080035bc   0x080035bc   0x00000038   Code   RO         3095    i.SX1276LoRaSetSymbTimeout  sx1276-loramisc.o
    0x080035f4   0x080035f4   0x00000020   Code   RO         2928    i.SX1276LoRaSetTxPacket  sx1276-lora.o
    0x08003614   0x08003614   0x00000006   Code   RO         2804    i.SX1276Read        sx1276-hal.o
    0x0800361a   0x0800361a   0x00000002   PAD
    0x0800361c   0x0800361c   0x0000004c   Code   RO         2805    i.SX1276ReadBuffer  sx1276-hal.o
    0x08003668   0x08003668   0x0000000c   Code   RO         2806    i.SX1276ReadDio0    sx1276-hal.o
    0x08003674   0x08003674   0x0000000c   Code   RO         2808    i.SX1276ReadDio2    sx1276-hal.o
    0x08003680   0x08003680   0x0000000a   Code   RO         2812    i.SX1276ReadFifo    sx1276-hal.o
    0x0800368a   0x0800368a   0x00000002   PAD
    0x0800368c   0x0800368c   0x00000034   Code   RO         2672    i.SX1276Reset       sx1276.o
    0x080036c0   0x080036c0   0x00000090   Code   RO         2673    i.SX1276SetLoRaOn   sx1276.o
    0x08003750   0x08003750   0x0000001c   Code   RO         2813    i.SX1276SetReset    sx1276-hal.o
    0x0800376c   0x0800376c   0x0000000c   Code   RO         2814    i.SX1276Write       sx1276-hal.o
    0x08003778   0x08003778   0x00000048   Code   RO         2815    i.SX1276WriteBuffer  sx1276-hal.o
    0x080037c0   0x080037c0   0x0000000a   Code   RO         2816    i.SX1276WriteFifo   sx1276-hal.o
    0x080037ca   0x080037ca   0x00000002   Code   RO         2817    i.SX1276WriteRxTx   sx1276-hal.o
    0x080037cc   0x080037cc   0x000000b0   Code   RO          391    i.SetLoRaCommPram   main.o
    0x0800387c   0x0800387c   0x0000001c   Code   RO          392    i.SetLoRaRx         main.o
    0x08003898   0x08003898   0x00000020   Code   RO          393    i.SetLoRaSleep      main.o
    0x080038b8   0x080038b8   0x0000003c   Code   RO          394    i.SetLoRaTx         main.o
    0x080038f4   0x080038f4   0x00000020   Code   RO          586    i.SpiInOut          spi.o
    0x08003914   0x08003914   0x00000068   Code   RO          333    i.StopMode_Measure  stm32l1xx_lp_modes.o
    0x0800397c   0x0800397c   0x0000000e   Code   RO          682    i.SysTick_Handler   stm32l1xx_it.o
    0x0800398a   0x0800398a   0x00000002   PAD
    0x0800398c   0x0800398c   0x00000090   Code   RO          396    i.SystemClock_Config  main.o
    0x08003a1c   0x08003a1c   0x00000050   Code   RO            5    i.SystemInit        system_stm32l1xx.o
    0x08003a6c   0x08003a6c   0x00000036   Code   RO          398    i.SystemSleep       main.o
    0x08003aa2   0x08003aa2   0x0000001e   Code   RO         1349    i.UART_DMAError     stm32l1xx_hal_uart.o
    0x08003ac0   0x08003ac0   0x00000036   Code   RO         1350    i.UART_DMAReceiveCplt  stm32l1xx_hal_uart.o
    0x08003af6   0x08003af6   0x0000000a   Code   RO         1351    i.UART_DMARxHalfCplt  stm32l1xx_hal_uart.o
    0x08003b00   0x08003b00   0x000000a8   Code   RO         1354    i.UART_Receive_IT   stm32l1xx_hal_uart.o
    0x08003ba8   0x08003ba8   0x000002a0   Code   RO         1355    i.UART_SetConfig    stm32l1xx_hal_uart.o
    0x08003e48   0x08003e48   0x00000066   Code   RO         1356    i.UART_Transmit_IT  stm32l1xx_hal_uart.o
    0x08003eae   0x08003eae   0x00000092   Code   RO         1357    i.UART_WaitOnFlagUntilTimeout  stm32l1xx_hal_uart.o
    0x08003f40   0x08003f40   0x00000018   Code   RO          683    i.USART1_IRQHandler  stm32l1xx_it.o
    0x08003f58   0x08003f58   0x0000000c   Code   RO          684    i.USART3_IRQHandler  stm32l1xx_it.o
    0x08003f64   0x08003f64   0x00000010   Code   RO          399    i.UartPayLoadInit   main.o
    0x08003f74   0x08003f74   0x00000024   Code   RO          193    i.UartReceive_DMA   usart.o
    0x08003f98   0x08003f98   0x00000002   Code   RO          685    i.UsageFault_Handler  stm32l1xx_it.o
    0x08003f9a   0x08003f9a   0x00000002   PAD
    0x08003f9c   0x08003f9c   0x00000048   Code   RO          194    i.UsartReceive_IDLE  usart.o
    0x08003fe4   0x08003fe4   0x00000020   Code   RO         3596    i.__0printf$8       mc_w.l(printf8.o)
    0x08004004   0x08004004   0x0000000e   Code   RO         3714    i.__scatterload_copy  mc_w.l(handlers.o)
    0x08004012   0x08004012   0x00000002   Code   RO         3715    i.__scatterload_null  mc_w.l(handlers.o)
    0x08004014   0x08004014   0x0000000e   Code   RO         3716    i.__scatterload_zeroinit  mc_w.l(handlers.o)
    0x08004022   0x08004022   0x00000002   PAD
    0x08004024   0x08004024   0x00000410   Code   RO         3603    i._printf_core      mc_w.l(printf8.o)
    0x08004434   0x08004434   0x00000024   Code   RO         3604    i._printf_post_padding  mc_w.l(printf8.o)
    0x08004458   0x08004458   0x0000002e   Code   RO         3605    i._printf_pre_padding  mc_w.l(printf8.o)
    0x08004486   0x08004486   0x00000002   PAD
    0x08004488   0x08004488   0x00000050   Code   RO         3355    i.cj188_collect_meter  cj188.o
    0x080044d8   0x080044d8   0x00000064   Code   RO         3315    i.dlt645_collect_meter  dlt645.o
    0x0800453c   0x0800453c   0x00000018   Code   RO          195    i.fputc             usart.o
    0x08004554   0x08004554   0x00000060   Code   RO          400    i.gateway_process   main.o
    0x080045b4   0x080045b4   0x0000003c   Code   RO          401    i.lora_process      main.o
    0x080045f0   0x080045f0   0x00000338   Code   RO          402    i.lora_protocol_process  main.o
    0x08004928   0x08004928   0x00000060   Code   RO          403    i.main              main.o
    0x08004988   0x08004988   0x000000b8   Code   RO          405    i.system_Status_process  main.o
    0x08004a40   0x08004a40   0x00000118   Code   RO          407    i.uart_Process      main.o
    0x08004b58   0x08004b58   0x00000019   Data   RO            6    .constdata          system_stm32l1xx.o
    0x08004b71   0x08004b71   0x00000008   Data   RO            7    .constdata          system_stm32l1xx.o
    0x08004b79   0x08004b79   0x00000001   PAD
    0x08004b7a   0x08004b7a   0x00000004   Data   RO          144    .constdata          gpio.o
    0x08004b7e   0x08004b7e   0x00000002   Data   RO          409    .constdata          main.o
    0x08004b80   0x08004b80   0x00000002   Data   RO          410    .constdata          main.o
    0x08004b82   0x08004b82   0x00000002   PAD
    0x08004b84   0x08004b84   0x000000f8   Data   RO         2931    .constdata          sx1276-lora.o
    0x08004c7c   0x08004c7c   0x00000044   Data   RO         3316    .constdata          dlt645.o
    0x08004cc0   0x08004cc0   0x00000020   Data   RO         3712    Region$$Table       anon$$obj.o


    Execution Region RW_IRAM1 (Exec base: 0x20000000, Load base: 0x08004ce0, Size: 0x00001098, Max: 0x00004000, ABSOLUTE)

    Exec Addr    Load Addr    Size         Type   Attr      Idx    E Section Name        Object

    0x20000000   0x08004ce0   0x00000004   Data   RW            8    .data               system_stm32l1xx.o
    0x20000004   0x08004ce4   0x00000008   Data   RW          145    .data               gpio.o
    0x2000000c   0x08004cec   0x00000018   Data   RW          411    .data               main.o
    0x20000024   0x08004d04   0x00000004   Data   RW         2330    .data               stm32l1xx_hal.o
    0x20000028   0x08004d08   0x00000002   Data   RW         2679    .data               sx1276.o
    0x2000002a   0x08004d0a   0x00000006   PAD
    0x20000030   0x08004d10   0x0000004c   Data   RW         2933    .data               sx1276-lora.o
    0x2000007c   0x08004d5c   0x00000001   Data   RW         3356    .data               cj188.o
    0x2000007d   0x08004d5d   0x00000003   PAD
    0x20000080   0x08004d60   0x00000004   Data   RW         3690    .data               mc_w.l(stdout.o)
    0x20000084        -       0x00000108   Zero   RW          196    .bss                usart.o
    0x2000018c        -       0x00000020   Zero   RW          290    .bss                rtc.o
    0x200001ac        -       0x0000091e   Zero   RW          408    .bss                main.o
    0x20000aca   0x08004d64   0x00000002   PAD
    0x20000acc        -       0x00000058   Zero   RW          587    .bss                spi.o
    0x20000b24        -       0x00000070   Zero   RW         2678    .bss                sx1276.o
    0x20000b94        -       0x00000100   Zero   RW         2930    .bss                sx1276-lora.o
    0x20000c94   0x08004d64   0x00000004   PAD
    0x20000c98        -       0x00000400   Zero   RW         2650    STACK               startup_stm32l151xb.o


==============================================================================

Image component sizes


      Code (inc. data)   RO Data    RW Data    ZI Data      Debug   Object Name

        80          6          0          1          0        734   cj188.o
       100          4         68          0          0       1478   dlt645.o
        60          4          0          0          0        742   dma.o
       336         40          4          8          0       2499   gpio.o
      2558        686          4         24       2334      15655   main.o
       180         16          0          0         32       1463   rtc.o
       202         24          0          0         88       3334   spi.o
        36          8        244          0       1024        772   startup_stm32l151xb.o
       160         30          0          4          0       5172   stm32l1xx_hal.o
       226         14          0          0          0      28534   stm32l1xx_hal_cortex.o
       470          8          0          0          0       4139   stm32l1xx_hal_dma.o
       416         32          0          0          0       3027   stm32l1xx_hal_gpio.o
       144          4          0          0          0        926   stm32l1xx_hal_msp.o
        56         10          0          0          0        620   stm32l1xx_hal_pwr.o
        16          6          0          0          0        540   stm32l1xx_hal_pwr_ex.o
      2980        124          0          0          0       8556   stm32l1xx_hal_rcc.o
       360         12          0          0          0       1432   stm32l1xx_hal_rcc_ex.o
       686         14          0          0          0       4991   stm32l1xx_hal_rtc.o
       550         12          0          0          0       4377   stm32l1xx_hal_rtc_ex.o
       122          0          0          0          0       1063   stm32l1xx_hal_spi_ex.o
      1880         20          0          0          0      11157   stm32l1xx_hal_uart.o
        90         24          0          0          0       5604   stm32l1xx_it.o
       104          6          0          0          0       1215   stm32l1xx_lp_modes.o
       428         32          0          0          0       6969   sx1276-hal.o
      1810        176        248         76        256      22491   sx1276-lora.o
       900        150          0          0          0       8021   sx1276-loramisc.o
       256         32          0          2        112       2406   sx1276.o
        80         18         33          4          0     360931   system_stm32l1xx.o
       506         64          0          0        264       4393   usart.o

    ----------------------------------------------------------------------
     15824       1576        636        128       4116     513241   Object Totals
         0          0         32          0          0          0   (incl. Generated)
        32          0          3          9          6          0   (incl. Padding)

    ----------------------------------------------------------------------

      Code (inc. data)   RO Data    RW Data    ZI Data      Debug   Library Member Name

         0          0          0          0          0          0   entry.o
         0          0          0          0          0          0   entry10a.o
         0          0          0          0          0          0   entry11a.o
         8          4          0          0          0          0   entry2.o
         4          0          0          0          0          0   entry5.o
         0          0          0          0          0          0   entry7b.o
         0          0          0          0          0          0   entry8b.o
         8          4          0          0          0          0   entry9a.o
        30          0          0          0          0          0   handlers.o
        36          8          0          0          0         68   init.o
         0          0          0          0          0          0   iusefp.o
        30          0          0          0          0         68   llshl.o
        36          0          0          0          0         68   llsshr.o
        32          0          0          0          0         68   llushr.o
        36          0          0          0          0         68   memcpya.o
        36          0          0          0          0        108   memseta.o
      1154         54          0          0          0        352   printf8.o
         0          0          0          4          0          0   stdout.o
        98          0          0          0          0         92   uldiv.o
       334          0          0          0          0        148   dadd.o
       222          0          0          0          0        100   ddiv.o
       186          0          0          0          0        176   depilogue.o
        50          0          0          0          0         76   dfixui.o
        34          0          0          0          0         76   dflti.o
        26          0          0          0          0         76   dfltui.o
       228          0          0          0          0         96   dmul.o
       176          0          0          0          0        140   fadd.o
       124          0          0          0          0         88   fdiv.o
       110          0          0          0          0        168   fepilogue.o
        50          0          0          0          0         68   ffixi.o
        40          0          0          0          0         68   ffixui.o
        18          0          0          0          0         68   fflti.o
        10          0          0          0          0         68   ffltui.o
       100          0          0          0          0         76   fmul.o

    ----------------------------------------------------------------------
      3220         70          0          4          0       2384   Library Totals
         4          0          0          0          0          0   (incl. Padding)

    ----------------------------------------------------------------------

      Code (inc. data)   RO Data    RW Data    ZI Data      Debug   Library Name

      1508         70          0          4          0        892   mc_w.l
      1708          0          0          0          0       1492   mf_w.l

    ----------------------------------------------------------------------
      3220         70          0          4          0       2384   Library Totals

    ----------------------------------------------------------------------

==============================================================================


      Code (inc. data)   RO Data    RW Data    ZI Data      Debug   

     19044       1646        636        132       4116     506625   Grand Totals
     19044       1646        636        132       4116     506625   ELF Image Totals
     19044       1646        636        132          0          0   ROM Totals

==============================================================================

    Total RO  Size (Code + RO Data)                19680 (  19.22kB)
    Total RW  Size (RW Data + ZI Data)              4248 (   4.15kB)
    Total ROM Size (Code + RO Data + RW Data)      19812 (  19.35kB)

==============================================================================

